Archive member included to satisfy reference by file (symbol)

.\CortexM3\ARM_GCC_541\Debug\Design01.a(UART.o)
                              .\CortexM3\ARM_GCC_541\Debug\main.o (UART_Start)
.\CortexM3\ARM_GCC_541\Debug\Design01.a(LCD.o)
                              .\CortexM3\ARM_GCC_541\Debug\main.o (LCD_PrintString)
.\CortexM3\ARM_GCC_541\Debug\Design01.a(UART_IntClock.o)
                              .\CortexM3\ARM_GCC_541\Debug\Design01.a(UART.o) (UART_IntClock_Start)
.\CortexM3\ARM_GCC_541\Debug\Design01.a(CyLib.o)
                              .\CortexM3\ARM_GCC_541\Debug\Cm3Start.o (CyHalt)
.\CortexM3\ARM_GCC_541\Debug\Design01.a(cyPm.o)
                              .\CortexM3\ARM_GCC_541\Debug\Design01.a(CyLib.o) (CyPmReadStatus)
.\CortexM3\ARM_GCC_541\Debug\Design01.a(isrRX.o)
                              .\CortexM3\ARM_GCC_541\Debug\main.o (isrRX_StartEx)
.\CortexM3\ARM_GCC_541\Debug\Design01.a(ADC.o)
                              .\CortexM3\ARM_GCC_541\Debug\main.o (ADC_Start)
.\CortexM3\ARM_GCC_541\Debug\Design01.a(ADC_INT.o)
                              .\CortexM3\ARM_GCC_541\Debug\Design01.a(ADC.o) (ADC_ISR)
.\CortexM3\ARM_GCC_541\Debug\Design01.a(ADC_theACLK.o)
                              .\CortexM3\ARM_GCC_541\Debug\Design01.a(ADC.o) (ADC_theACLK_SetModeRegister)
.\CortexM3\ARM_GCC_541\Debug\Design01.a(CyBootAsmGnu.o)
                              .\CortexM3\ARM_GCC_541\Debug\cyfitter_cfg.o (CyDelayCycles)
.\CortexM3\ARM_GCC_541\Debug\Design01.a(CyFlash.o)
                              .\CortexM3\ARM_GCC_541\Debug\Design01.a(cyPm.o) (CyFlash_SetWaitCycles)
.\CortexM3\ARM_GCC_541\Debug\Design01.a(CySpc.o)
                              .\CortexM3\ARM_GCC_541\Debug\Design01.a(CyFlash.o) (CySpcStart)
..\emFile_V322c\LinkLibrary\PSoC5\GCC\libemf32nosnlfn.a(FS_FRead.o)
                              .\CortexM3\ARM_GCC_541\Debug\main.o (FS_FRead)
..\emFile_V322c\LinkLibrary\PSoC5\GCC\libemf32nosnlfn.a(FS_Misc.o)
                              .\CortexM3\ARM_GCC_541\Debug\main.o (FS_Init)
..\emFile_V322c\LinkLibrary\PSoC5\GCC\libemf32nosnlfn.a(FS_Read.o)
                              ..\emFile_V322c\LinkLibrary\PSoC5\GCC\libemf32nosnlfn.a(FS_FRead.o) (FS__Read)
..\emFile_V322c\LinkLibrary\PSoC5\GCC\libemf32nosnlfn.a(FS_Storage.o)
                              ..\emFile_V322c\LinkLibrary\PSoC5\GCC\libemf32nosnlfn.a(FS_Misc.o) (FS__FindVolume)
..\emFile_V322c\LinkLibrary\PSoC5\GCC\libemf32nosnlfn.a(FS_Unmount.o)
                              ..\emFile_V322c\LinkLibrary\PSoC5\GCC\libemf32nosnlfn.a(FS_Misc.o) (FS__UnmountForcedNL)
..\emFile_V322c\LinkLibrary\PSoC5\GCC\libemf32nosnlfn.a(FS_Volume.o)
                              ..\emFile_V322c\LinkLibrary\PSoC5\GCC\libemf32nosnlfn.a(FS_Misc.o) (FS__AutoMount)
..\emFile_V322c\LinkLibrary\PSoC5\GCC\libemf32nosnlfn.a(FS_Write.o)
                              .\CortexM3\ARM_GCC_541\Debug\main.o (FS_Write)
..\emFile_V322c\LinkLibrary\PSoC5\GCC\libemf32nosnlfn.a(FAT_CheckDisk.o)
                              ..\emFile_V322c\LinkLibrary\PSoC5\GCC\libemf32nosnlfn.a(FS_Volume.o) (FS_FAT__CheckDisk)
..\emFile_V322c\LinkLibrary\PSoC5\GCC\libemf32nosnlfn.a(FAT_Dir.o)
                              ..\emFile_V322c\LinkLibrary\PSoC5\GCC\libemf32nosnlfn.a(FAT_CheckDisk.o) (FS_FAT_CreateDirEx)
..\emFile_V322c\LinkLibrary\PSoC5\GCC\libemf32nosnlfn.a(FAT_DiskInfo.o)
                              ..\emFile_V322c\LinkLibrary\PSoC5\GCC\libemf32nosnlfn.a(FS_Volume.o) (FS_FAT_GetDiskInfo)
..\emFile_V322c\LinkLibrary\PSoC5\GCC\libemf32nosnlfn.a(FAT_Misc.o)
                              ..\emFile_V322c\LinkLibrary\PSoC5\GCC\libemf32nosnlfn.a(FAT_Dir.o) (FS_FAT_ClusterId2SectorNo)
..\emFile_V322c\LinkLibrary\PSoC5\GCC\libemf32nosnlfn.a(FAT_Open.o)
                              ..\emFile_V322c\LinkLibrary\PSoC5\GCC\libemf32nosnlfn.a(FAT_CheckDisk.o) (FS_FAT_InitDirEntryScan)
..\emFile_V322c\LinkLibrary\PSoC5\GCC\libemf32nosnlfn.a(FAT_Read.o)
                              ..\emFile_V322c\LinkLibrary\PSoC5\GCC\libemf32nosnlfn.a(FS_Read.o) (FS_FAT_Read)
..\emFile_V322c\LinkLibrary\PSoC5\GCC\libemf32nosnlfn.a(FAT_VolumeLabel.o)
                              ..\emFile_V322c\LinkLibrary\PSoC5\GCC\libemf32nosnlfn.a(FS_Volume.o) (FS_FAT_SetVolumeLabel)
..\emFile_V322c\LinkLibrary\PSoC5\GCC\libemf32nosnlfn.a(FAT_Write.o)
                              ..\emFile_V322c\LinkLibrary\PSoC5\GCC\libemf32nosnlfn.a(FS_Unmount.o) (FS_FAT_Clean)
..\emFile_V322c\LinkLibrary\PSoC5\GCC\libemf32nosnlfn.a(FS_CLib.o)
                              ..\emFile_V322c\LinkLibrary\PSoC5\GCC\libemf32nosnlfn.a(FS_Storage.o) (FS__CLIB_memcmp)
..\emFile_V322c\LinkLibrary\PSoC5\GCC\libemf32nosnlfn.a(FS_Core.o)
                              ..\emFile_V322c\LinkLibrary\PSoC5\GCC\libemf32nosnlfn.a(FAT_Misc.o) (FS__DivideU32Up)
..\emFile_V322c\LinkLibrary\PSoC5\GCC\libemf32nosnlfn.a(FS_LogBlock.o)
                              ..\emFile_V322c\LinkLibrary\PSoC5\GCC\libemf32nosnlfn.a(FS_Misc.o) (FS_LB_GetStatus)
[...]
Memory Configuration

Name             Origin             Length             Attributes
rom              0x00000000         0x00040000         xr
ram              0x1fff8000         0x00010000         xrw
*default*        0x00000000         0xffffffff

Linker script and memory map

LOAD c:/program files (x86)/cypress/psoc creator/4.2/psoc creator/import/gnu/arm/5.4.1/bin/../lib/gcc/arm-none-eabi/5.4.1/armv7-m/crti.o
LOAD c:/program files (x86)/cypress/psoc creator/4.2/psoc creator/import/gnu/arm/5.4.1/bin/../lib/gcc/arm-none-eabi/5.4.1/armv7-m/crtbegin.o
LOAD c:/program files (x86)/cypress/psoc creator/4.2/psoc creator/import/gnu/arm/5.4.1/bin/../lib/gcc/arm-none-eabi/5.4.1/../../../../arm-none-eabi/lib/armv7-m/crt0.o
START GROUP
LOAD .\CortexM3\ARM_GCC_541\Debug\main.o
LOAD .\CortexM3\ARM_GCC_541\Debug\cyfitter_cfg.o
LOAD .\CortexM3\ARM_GCC_541\Debug\cymetadata.o
LOAD .\CortexM3\ARM_GCC_541\Debug\Cm3Start.o
LOAD .\CortexM3\ARM_GCC_541\Debug\Design01.a
LOAD C:\Program Files (x86)\Cypress\PSoC Creator\4.2\PSoC Creator\psoc\content\cycomponentlibrary\CyComponentLibrary.cylib\CortexM3\ARM_GCC_541\Debug\CyComponentLibrary.a
LOAD ..\emFile_V322c\LinkLibrary\PSoC5\GCC\libemf32nosnlfn.a
END GROUP
START GROUP
LOAD c:/program files (x86)/cypress/psoc creator/4.2/psoc creator/import/gnu/arm/5.4.1/bin/../lib/gcc/arm-none-eabi/5.4.1/armv7-m\libgcc.a
LOAD c:/program files (x86)/cypress/psoc creator/4.2/psoc creator/import/gnu/arm/5.4.1/bin/../lib/gcc/arm-none-eabi/5.4.1/../../../../arm-none-eabi/lib/armv7-m\libg_nano.a
LOAD c:/program files (x86)/cypress/psoc creator/4.2/psoc creator/import/gnu/arm/5.4.1/bin/../lib/gcc/arm-none-eabi/5.4.1/../../../../arm-none-eabi/lib/armv7-m\libc_nano.a
END GROUP
START GROUP
LOAD c:/program files (x86)/cypress/psoc creator/4.2/psoc creator/import/gnu/arm/5.4.1/bin/../lib/gcc/arm-none-eabi/5.4.1/armv7-m\libgcc.a
LOAD c:/program files (x86)/cypress/psoc creator/4.2/psoc creator/import/gnu/arm/5.4.1/bin/../lib/gcc/arm-none-eabi/5.4.1/../../../../arm-none-eabi/lib/armv7-m\libc_nano.a
END GROUP
LOAD c:/program files (x86)/cypress/psoc creator/4.2/psoc creator/import/gnu/arm/5.4.1/bin/../lib/gcc/arm-none-eabi/5.4.1/armv7-m/crtend.o
LOAD c:/program files (x86)/cypress/psoc creator/4.2/psoc creator/import/gnu/arm/5.4.1/bin/../lib/gcc/arm-none-eabi/5.4.1/armv7-m/crtn.o
START GROUP
LOAD c:/program files (x86)/cypress/psoc creator/4.2/psoc creator/import/gnu/arm/5.4.1/bin/../lib/gcc/arm-none-eabi/5.4.1/armv7-m\libgcc.a
LOAD c:/program files (x86)/cypress/psoc creator/4.2/psoc creator/import/gnu/arm/5.4.1/bin/../lib/gcc/arm-none-eabi/5.4.1/../../../../arm-none-eabi/lib/armv7-m\libc.a
LOAD c:/program files (x86)/cypress/psoc creator/4.2/psoc creator/import/gnu/arm/5.4.1/bin/../lib/gcc/arm-none-eabi/5.4.1/../../../../arm-none-eabi/lib/armv7-m\libnosys.a
END GROUP
                0x00000000                CY_APPL_ORIGIN = 0x0
                0x00000100                CY_FLASH_ROW_SIZE = 0x100
                0x00000020                CY_ECC_ROW_SIZE = 0x20
                0x00000000                CY_EE_IN_BTLDR = 0x0
                0x00000000                CY_APPL_LOADABLE = 0x0
                0x00000800                CY_EE_SIZE = 0x800
                0x00000001                CY_APPL_NUM = 0x1
                0x00000001                CY_APPL_MAX = 0x1
                0x00000040                CY_METADATA_SIZE = 0x40
                0x00000000                CY_APPL_LOADABLE = 0x0
                0x00000000                CY_CHECKSUM_EXCLUDE_SIZE = ALIGN (0x0, CY_FLASH_ROW_SIZE)
                [!provide]                PROVIDE (__cy_heap_start, _end)
                0x00000001                PROVIDE (__cy_region_num, ((__cy_regions_end - __cy_regions) / 0x10))
                0x20008000                PROVIDE (__cy_stack, (ORIGIN (ram) + LENGTH (ram)))
                [!provide]                PROVIDE (__cy_heap_end, (__cy_stack - 0x800))

.cybootloader   0x00000000        0x0
 *(.cybootloader)
                0x00000000                appl1_start = CY_APPL_ORIGIN?CY_APPL_ORIGIN:ALIGN (CY_FLASH_ROW_SIZE)
                0x0001ff00                appl2_start = (appl1_start + ALIGN ((((LENGTH (rom) - appl1_start) - (0x2 * CY_FLASH_ROW_SIZE)) / 0x2), CY_FLASH_ROW_SIZE))
                0x00000000                appl_start = (CY_APPL_NUM == 0x1)?appl1_start:appl2_start
                0x00000000                ecc_offset = ((appl_start / CY_FLASH_ROW_SIZE) * CY_ECC_ROW_SIZE)
                0x00000000                ee_offset = (CY_APPL_LOADABLE && ! (CY_EE_IN_BTLDR))?((CY_EE_SIZE / CY_APPL_MAX) * (CY_APPL_NUM - 0x1)):0x0
                0x00000800                ee_size = (CY_APPL_LOADABLE && ! (CY_EE_IN_BTLDR))?(CY_EE_SIZE / CY_APPL_MAX):CY_EE_SIZE
                [!provide]                PROVIDE (CY_ECC_OFFSET, ecc_offset)

.text           0x00000000     0x2498
 CREATE_OBJECT_SYMBOLS
                0x00000000                PROVIDE (__cy_interrupt_vector, RomVectors)
 *(.romvectors)
 .romvectors    0x00000000       0x10 .\CortexM3\ARM_GCC_541\Debug\Cm3Start.o
                0x00000000                RomVectors
                0x00000001                ASSERT ((. != __cy_interrupt_vector), No interrupt vector)
                0x00000001                ASSERT (CY_APPL_ORIGIN?(SIZEOF (.cybootloader) <= CY_APPL_ORIGIN):0x1, Wrong image location)
                0x00000010                PROVIDE (__cy_reset, Reset)
 *(.text.Reset)
 .text.Reset    0x00000010       0x18 .\CortexM3\ARM_GCC_541\Debug\Cm3Start.o
                0x00000010                Reset
                0x00000001                ASSERT ((. != __cy_reset), No reset code)
 *(.dma_init)
                0x00000001                ASSERT ((((appl_start + .) <= 0x10000) || 0x1), DMA Init must be within the first 64k of flash)
 *(.text .text.* .gnu.linkonce.t.*)
 .text          0x00000028       0x5c c:/program files (x86)/cypress/psoc creator/4.2/psoc creator/import/gnu/arm/5.4.1/bin/../lib/gcc/arm-none-eabi/5.4.1/armv7-m/crtbegin.o
 .text.InterrupRx
                0x00000084       0x10 .\CortexM3\ARM_GCC_541\Debug\main.o
                0x00000084                InterrupRx
 .text.main     0x00000094      0x214 .\CortexM3\ARM_GCC_541\Debug\main.o
                0x00000094                main
 .text.CyClockStartupError
                0x000002a8        0x4 .\CortexM3\ARM_GCC_541\Debug\cyfitter_cfg.o
 .text.cfg_write_bytes32
                0x000002ac       0x34 .\CortexM3\ARM_GCC_541\Debug\cyfitter_cfg.o
 .text.CYMEMZERO
                0x000002e0        0xc .\CortexM3\ARM_GCC_541\Debug\cyfitter_cfg.o
 .text.AnalogSetDefault
                0x000002ec       0x7c .\CortexM3\ARM_GCC_541\Debug\cyfitter_cfg.o
 .text.CYCONFIGCPY
                0x00000368        0x8 .\CortexM3\ARM_GCC_541\Debug\cyfitter_cfg.o
 .text.ClockSetup
                0x00000370       0xf0 .\CortexM3\ARM_GCC_541\Debug\cyfitter_cfg.o
 .text.cyfitter_cfg
                0x00000460      0x120 .\CortexM3\ARM_GCC_541\Debug\cyfitter_cfg.o
                0x00000460                cyfitter_cfg
 .text.IntDefaultHandler
                0x00000580       0x10 .\CortexM3\ARM_GCC_541\Debug\Cm3Start.o
                0x00000580                IntDefaultHandler
 .text._sbrk    0x00000590       0x30 .\CortexM3\ARM_GCC_541\Debug\Cm3Start.o
                0x00000590                _sbrk
 .text.Start_c  0x000005c0       0x4c .\CortexM3\ARM_GCC_541\Debug\Cm3Start.o
                0x000005c0                Start_c
 .text.initialize_psoc
                0x0000060c       0x68 .\CortexM3\ARM_GCC_541\Debug\Cm3Start.o
                0x0000060c                initialize_psoc
 .text.UART_Init
                0x00000674       0x24 .\CortexM3\ARM_GCC_541\Debug\Design01.a(UART.o)
                0x00000674                UART_Init
 .text.UART_Enable
                0x00000698       0x38 .\CortexM3\ARM_GCC_541\Debug\Design01.a(UART.o)
                0x00000698                UART_Enable
 .text.UART_Start
                0x000006d0       0x1c .\CortexM3\ARM_GCC_541\Debug\Design01.a(UART.o)
                0x000006d0                UART_Start
 .text.UART_GetChar
                0x000006ec       0x2c .\CortexM3\ARM_GCC_541\Debug\Design01.a(UART.o)
                0x000006ec                UART_GetChar
 .text.UART_PutChar
                0x00000718       0x18 .\CortexM3\ARM_GCC_541\Debug\Design01.a(UART.o)
                0x00000718                UART_PutChar
 .text.UART_PutString
                0x00000730       0x24 .\CortexM3\ARM_GCC_541\Debug\Design01.a(UART.o)
                0x00000730                UART_PutString
 .text.LCD_WrCntrlNib
                0x00000754       0x34 .\CortexM3\ARM_GCC_541\Debug\Design01.a(LCD.o)
 .text.LCD_WrDatNib
                0x00000788       0x44 .\CortexM3\ARM_GCC_541\Debug\Design01.a(LCD.o)
 .text.LCD_IsReady
                0x000007cc       0xe4 .\CortexM3\ARM_GCC_541\Debug\Design01.a(LCD.o)
                0x000007cc                LCD_IsReady
 .text.LCD_WriteData
                0x000008b0       0x18 .\CortexM3\ARM_GCC_541\Debug\Design01.a(LCD.o)
                0x000008b0                LCD_WriteData
 .text.LCD_PrintString
                0x000008c8       0x1c .\CortexM3\ARM_GCC_541\Debug\Design01.a(LCD.o)
                0x000008c8                LCD_PrintString
 .text.LCD_PutChar
                0x000008e4        0x8 .\CortexM3\ARM_GCC_541\Debug\Design01.a(LCD.o)
                0x000008e4                LCD_PutChar
 .text.LCD_WriteControl
                0x000008ec       0x18 .\CortexM3\ARM_GCC_541\Debug\Design01.a(LCD.o)
                0x000008ec                LCD_WriteControl
 .text.LCD_Init
                0x00000904       0x6c .\CortexM3\ARM_GCC_541\Debug\Design01.a(LCD.o)
                0x00000904                LCD_Init
 .text.LCD_Enable
                0x00000970       0x14 .\CortexM3\ARM_GCC_541\Debug\Design01.a(LCD.o)
                0x00000970                LCD_Enable
 .text.LCD_Start
                0x00000984       0x1c .\CortexM3\ARM_GCC_541\Debug\Design01.a(LCD.o)
                0x00000984                LCD_Start
 .text.LCD_Position
                0x000009a0       0x3c .\CortexM3\ARM_GCC_541\Debug\Design01.a(LCD.o)
                0x000009a0                LCD_Position
 .text.UART_IntClock_Start
                0x000009dc       0x1c .\CortexM3\ARM_GCC_541\Debug\Design01.a(UART_IntClock.o)
                0x000009dc                UART_IntClock_Start
 .text.CyHalt   0x000009f8        0x4 .\CortexM3\ARM_GCC_541\Debug\Design01.a(CyLib.o)
                0x000009f8                CyHalt
 .text.CyDelay  0x000009fc       0x2c .\CortexM3\ARM_GCC_541\Debug\Design01.a(CyLib.o)
                0x000009fc                CyDelay
 .text.CyDelayUs
                0x00000a28       0x14 .\CortexM3\ARM_GCC_541\Debug\Design01.a(CyLib.o)
                0x00000a28                CyDelayUs
 .text.CyIntSetVector
                0x00000a3c       0x28 .\CortexM3\ARM_GCC_541\Debug\Design01.a(CyLib.o)
                0x00000a3c                CyIntSetVector
 .text.CyIntSetPriority
                0x00000a64       0x30 .\CortexM3\ARM_GCC_541\Debug\Design01.a(CyLib.o)
                0x00000a64                CyIntSetPriority
 .text.isrRX_SetVector
                0x00000a94        0xc .\CortexM3\ARM_GCC_541\Debug\Design01.a(isrRX.o)
                0x00000a94                isrRX_SetVector
 .text.isrRX_SetPriority
                0x00000aa0       0x10 .\CortexM3\ARM_GCC_541\Debug\Design01.a(isrRX.o)
                0x00000aa0                isrRX_SetPriority
 .text.isrRX_Enable
                0x00000ab0        0xc .\CortexM3\ARM_GCC_541\Debug\Design01.a(isrRX.o)
                0x00000ab0                isrRX_Enable
 .text.isrRX_Disable
                0x00000abc        0xc .\CortexM3\ARM_GCC_541\Debug\Design01.a(isrRX.o)
                0x00000abc                isrRX_Disable
 .text.isrRX_StartEx
                0x00000ac8       0x1c .\CortexM3\ARM_GCC_541\Debug\Design01.a(isrRX.o)
                0x00000ac8                isrRX_StartEx
 .text.ADC_CalcGain
                0x00000ae4       0x64 .\CortexM3\ARM_GCC_541\Debug\Design01.a(ADC.o)
 .text.ADC_Enable
                0x00000b48       0x94 .\CortexM3\ARM_GCC_541\Debug\Design01.a(ADC.o)
                0x00000b48                ADC_Enable
 .text.ADC_SetResolution
                0x00000bdc       0x38 .\CortexM3\ARM_GCC_541\Debug\Design01.a(ADC.o)
                0x00000bdc                ADC_SetResolution
 .text.ADC_Init
                0x00000c14       0x3c .\CortexM3\ARM_GCC_541\Debug\Design01.a(ADC.o)
                0x00000c14                ADC_Init
 .text.ADC_Start
                0x00000c50       0x1c .\CortexM3\ARM_GCC_541\Debug\Design01.a(ADC.o)
                0x00000c50                ADC_Start
 .text.ADC_StartConvert
                0x00000c6c       0x18 .\CortexM3\ARM_GCC_541\Debug\Design01.a(ADC.o)
                0x00000c6c                ADC_StartConvert
 .text.ADC_IsEndConversion
                0x00000c84       0x24 .\CortexM3\ARM_GCC_541\Debug\Design01.a(ADC.o)
                0x00000c84                ADC_IsEndConversion
 .text.ADC_GetResult16
                0x00000ca8       0x18 .\CortexM3\ARM_GCC_541\Debug\Design01.a(ADC.o)
                0x00000ca8                ADC_GetResult16
 .text.ADC_ISR  0x00000cc0        0x4 .\CortexM3\ARM_GCC_541\Debug\Design01.a(ADC_INT.o)
                0x00000cc0                ADC_ISR
 .text.ADC_theACLK_SetModeRegister
                0x00000cc4       0x14 .\CortexM3\ARM_GCC_541\Debug\Design01.a(ADC_theACLK.o)
                0x00000cc4                ADC_theACLK_SetModeRegister
 .text          0x00000cd8       0x20 .\CortexM3\ARM_GCC_541\Debug\Design01.a(CyBootAsmGnu.o)
                0x00000cd8                CyDelayCycles
                0x00000ce8                CyEnterCriticalSection
                0x00000cf0                CyExitCriticalSection
 .text.FS_Init  0x00000cf8       0x58 ..\emFile_V322c\LinkLibrary\PSoC5\GCC\libemf32nosnlfn.a(FS_Misc.o)
                0x00000cf8                FS_Init
 .text.FS__AddPhysDevice
                0x00000d50       0x10 ..\emFile_V322c\LinkLibrary\PSoC5\GCC\libemf32nosnlfn.a(FS_Storage.o)
                0x00000d50                FS__AddPhysDevice
 .text.FS__AddDevice
                0x00000d60       0x68 ..\emFile_V322c\LinkLibrary\PSoC5\GCC\libemf32nosnlfn.a(FS_Storage.o)
                0x00000d60                FS__AddDevice
 .text.FS_AddDevice
                0x00000dc8        0x4 ..\emFile_V322c\LinkLibrary\PSoC5\GCC\libemf32nosnlfn.a(FS_Storage.o)
                0x00000dc8                FS_AddDevice
 .text.FS__CLIB_memset
                0x00000dcc       0x6c ..\emFile_V322c\LinkLibrary\PSoC5\GCC\libemf32nosnlfn.a(FS_CLib.o)
                0x00000dcc                FS__CLIB_memset
 .text.FS_LoadU32BE
                0x00000e38       0x18 ..\emFile_V322c\LinkLibrary\PSoC5\GCC\libemf32nosnlfn.a(FS_Core.o)
                0x00000e38                FS_LoadU32BE
 .text._Alloc   0x00000e50       0x30 ..\emFile_V322c\LinkLibrary\PSoC5\GCC\libemf32nosnlfn.a(FS_Core.o)
 .text.FS_Alloc
                0x00000e80        0xc ..\emFile_V322c\LinkLibrary\PSoC5\GCC\libemf32nosnlfn.a(FS_Core.o)
                0x00000e80                FS_Alloc
 .text.FS_TryAlloc
                0x00000e8c        0x4 ..\emFile_V322c\LinkLibrary\PSoC5\GCC\libemf32nosnlfn.a(FS_Core.o)
                0x00000e8c                FS_TryAlloc
 .text.FS_Free  0x00000e90       0x1c ..\emFile_V322c\LinkLibrary\PSoC5\GCC\libemf32nosnlfn.a(FS_Core.o)
                0x00000e90                FS_Free
 .text.FS_AssignMemory
                0x00000eac        0xc ..\emFile_V322c\LinkLibrary\PSoC5\GCC\libemf32nosnlfn.a(FS_Core.o)
                0x00000eac                FS_AssignMemory
 .text.FS_AllocZeroed
                0x00000eb8       0x16 ..\emFile_V322c\LinkLibrary\PSoC5\GCC\libemf32nosnlfn.a(FS_Core.o)
                0x00000eb8                FS_AllocZeroed
 *fill*         0x00000ece        0x2 
 .text.FS_STORAGE_Init
                0x00000ed0       0x28 ..\emFile_V322c\LinkLibrary\PSoC5\GCC\libemf32nosnlfn.a(FS_Core.o)
                0x00000ed0                FS_STORAGE_Init
 .text.FS_X_AddDevices
                0x00000ef8       0x1c .\CortexM3\ARM_GCC_541\Debug\Design01.a(emFile_ConfigMMC_SPI.o)
                0x00000ef8                FS_X_AddDevices
 .text._CalcDataCRC16Dummy
                0x00000f14        0x6 ..\emFile_V322c\LinkLibrary\PSoC5\GCC\libemf32nosnlfn.a(MMC_Drv.o)
 *fill*         0x00000f1a        0x2 
 .text._MMC_GetNumUnits
                0x00000f1c        0xc ..\emFile_V322c\LinkLibrary\PSoC5\GCC\libemf32nosnlfn.a(MMC_Drv.o)
 .text._MMC_GetDriverName
                0x00000f28        0x8 ..\emFile_V322c\LinkLibrary\PSoC5\GCC\libemf32nosnlfn.a(MMC_Drv.o)
 .text._MMC_GetStatus
                0x00000f30        0x4 ..\emFile_V322c\LinkLibrary\PSoC5\GCC\libemf32nosnlfn.a(MMC_Drv.o)
 .text._CheckR1
                0x00000f34       0x38 ..\emFile_V322c\LinkLibrary\PSoC5\GCC\libemf32nosnlfn.a(MMC_Drv.o)
 .text._WaitToGetReady
                0x00000f6c       0x26 ..\emFile_V322c\LinkLibrary\PSoC5\GCC\libemf32nosnlfn.a(MMC_Drv.o)
 .text._SendEmptyCycles
                0x00000f92       0x24 ..\emFile_V322c\LinkLibrary\PSoC5\GCC\libemf32nosnlfn.a(MMC_Drv.o)
 *fill*         0x00000fb6        0x2 
 .text._MMC_AddDevice
                0x00000fb8       0x2c ..\emFile_V322c\LinkLibrary\PSoC5\GCC\libemf32nosnlfn.a(MMC_Drv.o)
 .text.T.53     0x00000fe4       0x14 ..\emFile_V322c\LinkLibrary\PSoC5\GCC\libemf32nosnlfn.a(MMC_Drv.o)
 .text._GetFromCSD
                0x00000ff8       0x34 ..\emFile_V322c\LinkLibrary\PSoC5\GCC\libemf32nosnlfn.a(MMC_Drv.o)
 .text._ExecCmdR1
                0x0000102c       0x98 ..\emFile_V322c\LinkLibrary\PSoC5\GCC\libemf32nosnlfn.a(MMC_Drv.o)
 .text._ReadCSD
                0x000010c4       0x86 ..\emFile_V322c\LinkLibrary\PSoC5\GCC\libemf32nosnlfn.a(MMC_Drv.o)
 *fill*         0x0000114a        0x2 
 .text._MMC_Read
                0x0000114c      0x130 ..\emFile_V322c\LinkLibrary\PSoC5\GCC\libemf32nosnlfn.a(MMC_Drv.o)
 .text._MMC_Write
                0x0000127c      0x13c ..\emFile_V322c\LinkLibrary\PSoC5\GCC\libemf32nosnlfn.a(MMC_Drv.o)
 .text._ApplyCSD
                0x000013b8      0x228 ..\emFile_V322c\LinkLibrary\PSoC5\GCC\libemf32nosnlfn.a(MMC_Drv.o)
 .text._MMC_Init
                0x000015e0      0x1c0 ..\emFile_V322c\LinkLibrary\PSoC5\GCC\libemf32nosnlfn.a(MMC_Drv.o)
 .text._MMC_InitMedium
                0x000017a0       0x28 ..\emFile_V322c\LinkLibrary\PSoC5\GCC\libemf32nosnlfn.a(MMC_Drv.o)
 .text._MMC_IoCtl
                0x000017c8       0x60 ..\emFile_V322c\LinkLibrary\PSoC5\GCC\libemf32nosnlfn.a(MMC_Drv.o)
 .text.emFile_Init
                0x00001828       0x4c .\CortexM3\ARM_GCC_541\Debug\Design01.a(emFile_MMC_HW_SPI.o)
 .text.emFile_ReadWriteSPI
                0x00001874       0x30 .\CortexM3\ARM_GCC_541\Debug\Design01.a(emFile_MMC_HW_SPI.o)
 .text.FS_MMC_HW_X_EnableCS
                0x000018a4       0x14 .\CortexM3\ARM_GCC_541\Debug\Design01.a(emFile_MMC_HW_SPI.o)
                0x000018a4                FS_MMC_HW_X_EnableCS
 .text.FS_MMC_HW_X_DisableCS
                0x000018b8       0x14 .\CortexM3\ARM_GCC_541\Debug\Design01.a(emFile_MMC_HW_SPI.o)
                0x000018b8                FS_MMC_HW_X_DisableCS
 .text.FS_MMC_HW_X_IsWriteProtected
                0x000018cc        0x4 .\CortexM3\ARM_GCC_541\Debug\Design01.a(emFile_MMC_HW_SPI.o)
                0x000018cc                FS_MMC_HW_X_IsWriteProtected
 .text.FS_MMC_HW_X_SetMaxSpeed
                0x000018d0       0x54 .\CortexM3\ARM_GCC_541\Debug\Design01.a(emFile_MMC_HW_SPI.o)
                0x000018d0                FS_MMC_HW_X_SetMaxSpeed
 .text.FS_MMC_HW_X_SetVoltage
                0x00001924       0x3c .\CortexM3\ARM_GCC_541\Debug\Design01.a(emFile_MMC_HW_SPI.o)
                0x00001924                FS_MMC_HW_X_SetVoltage
 .text.FS_MMC_HW_X_IsPresent
                0x00001960        0xc .\CortexM3\ARM_GCC_541\Debug\Design01.a(emFile_MMC_HW_SPI.o)
                0x00001960                FS_MMC_HW_X_IsPresent
 .text.FS_MMC_HW_X_Read
                0x0000196c       0x1c .\CortexM3\ARM_GCC_541\Debug\Design01.a(emFile_MMC_HW_SPI.o)
                0x0000196c                FS_MMC_HW_X_Read
 .text.FS_MMC_HW_X_Write
                0x00001988       0x18 .\CortexM3\ARM_GCC_541\Debug\Design01.a(emFile_MMC_HW_SPI.o)
                0x00001988                FS_MMC_HW_X_Write
 .text.emFile_SPI0_Enable
                0x000019a0       0x30 .\CortexM3\ARM_GCC_541\Debug\Design01.a(emFile_SPI0.o)
                0x000019a0                emFile_SPI0_Enable
 .text.emFile_SPI0_ReadTxStatus
                0x000019d0        0xc .\CortexM3\ARM_GCC_541\Debug\Design01.a(emFile_SPI0.o)
                0x000019d0                emFile_SPI0_ReadTxStatus
 .text.emFile_SPI0_ReadRxStatus
                0x000019dc        0xc .\CortexM3\ARM_GCC_541\Debug\Design01.a(emFile_SPI0.o)
                0x000019dc                emFile_SPI0_ReadRxStatus
 .text.emFile_SPI0_WriteTxData
                0x000019e8       0x18 .\CortexM3\ARM_GCC_541\Debug\Design01.a(emFile_SPI0.o)
                0x000019e8                emFile_SPI0_WriteTxData
 .text.emFile_SPI0_ReadRxData
                0x00001a00        0xc .\CortexM3\ARM_GCC_541\Debug\Design01.a(emFile_SPI0.o)
                0x00001a00                emFile_SPI0_ReadRxData
 .text.emFile_SPI0_ClearFIFO
                0x00001a0c       0x3c .\CortexM3\ARM_GCC_541\Debug\Design01.a(emFile_SPI0.o)
                0x00001a0c                emFile_SPI0_ClearFIFO
 .text.emFile_SPI0_Init
                0x00001a48       0x28 .\CortexM3\ARM_GCC_541\Debug\Design01.a(emFile_SPI0.o)
                0x00001a48                emFile_SPI0_Init
 .text.emFile_SPI0_Start
                0x00001a70       0x1c .\CortexM3\ARM_GCC_541\Debug\Design01.a(emFile_SPI0.o)
                0x00001a70                emFile_SPI0_Start
 .text.emFile_Clock_1_Start
                0x00001a8c       0x1c .\CortexM3\ARM_GCC_541\Debug\Design01.a(emFile_Clock_1.o)
                0x00001a8c                emFile_Clock_1_Start
 .text.emFile_Clock_1_Stop
                0x00001aa8       0x1c .\CortexM3\ARM_GCC_541\Debug\Design01.a(emFile_Clock_1.o)
                0x00001aa8                emFile_Clock_1_Stop
 .text.emFile_Clock_1_GetDividerRegister
                0x00001ac4        0xc .\CortexM3\ARM_GCC_541\Debug\Design01.a(emFile_Clock_1.o)
                0x00001ac4                emFile_Clock_1_GetDividerRegister
 .text.emFile_Clock_1_GetSourceRegister
                0x00001ad0       0x10 .\CortexM3\ARM_GCC_541\Debug\Design01.a(emFile_Clock_1.o)
                0x00001ad0                emFile_Clock_1_GetSourceRegister
 .text.emFile_Clock_1_SetDividerRegister
                0x00001ae0       0xd8 .\CortexM3\ARM_GCC_541\Debug\Design01.a(emFile_Clock_1.o)
                0x00001ae0                emFile_Clock_1_SetDividerRegister
 .text.emFile_SPI0_CS_Write
                0x00001bb8       0x18 .\CortexM3\ARM_GCC_541\Debug\Design01.a(emFile_SPI0_CS.o)
                0x00001bb8                emFile_SPI0_CS_Write
 .text.__errno  0x00001bd0        0xc c:/program files (x86)/cypress/psoc creator/4.2/psoc creator/import/gnu/arm/5.4.1/bin/../lib/gcc/arm-none-eabi/5.4.1/../../../../arm-none-eabi/lib/armv7-m\libg_nano.a(lib_a-errno.o)
                0x00001bd0                __errno
 .text.__libc_init_array
                0x00001bdc       0x4c c:/program files (x86)/cypress/psoc creator/4.2/psoc creator/import/gnu/arm/5.4.1/bin/../lib/gcc/arm-none-eabi/5.4.1/../../../../arm-none-eabi/lib/armv7-m\libg_nano.a(lib_a-init.o)
                0x00001bdc                __libc_init_array
 .text.memcpy   0x00001c28       0x16 c:/program files (x86)/cypress/psoc creator/4.2/psoc creator/import/gnu/arm/5.4.1/bin/../lib/gcc/arm-none-eabi/5.4.1/../../../../arm-none-eabi/lib/armv7-m\libg_nano.a(lib_a-memcpy-stub.o)
                0x00001c28                memcpy
 .text.memset   0x00001c3e       0x10 c:/program files (x86)/cypress/psoc creator/4.2/psoc creator/import/gnu/arm/5.4.1/bin/../lib/gcc/arm-none-eabi/5.4.1/../../../../arm-none-eabi/lib/armv7-m\libg_nano.a(lib_a-memset.o)
                0x00001c3e                memset
 *fill*         0x00001c4e        0x2 
 .text.sprintf  0x00001c50       0x48 c:/program files (x86)/cypress/psoc creator/4.2/psoc creator/import/gnu/arm/5.4.1/bin/../lib/gcc/arm-none-eabi/5.4.1/../../../../arm-none-eabi/lib/armv7-m\libg_nano.a(lib_a-sprintf.o)
                0x00001c50                siprintf
                0x00001c50                sprintf
 .text.__ssputs_r
                0x00001c98       0xb2 c:/program files (x86)/cypress/psoc creator/4.2/psoc creator/import/gnu/arm/5.4.1/bin/../lib/gcc/arm-none-eabi/5.4.1/../../../../arm-none-eabi/lib/armv7-m\libg_nano.a(lib_a-nano-svfprintf.o)
                0x00001c98                __ssputs_r
 *fill*         0x00001d4a        0x2 
 .text._svfprintf_r
                0x00001d4c      0x1e8 c:/program files (x86)/cypress/psoc creator/4.2/psoc creator/import/gnu/arm/5.4.1/bin/../lib/gcc/arm-none-eabi/5.4.1/../../../../arm-none-eabi/lib/armv7-m\libg_nano.a(lib_a-nano-svfprintf.o)
                0x00001d4c                _svfiprintf_r
                0x00001d4c                _svfprintf_r
 .text._printf_common
                0x00001f34       0xec c:/program files (x86)/cypress/psoc creator/4.2/psoc creator/import/gnu/arm/5.4.1/bin/../lib/gcc/arm-none-eabi/5.4.1/../../../../arm-none-eabi/lib/armv7-m\libg_nano.a(lib_a-nano-vfprintf_i.o)
                0x00001f34                _printf_common
 .text._printf_i
                0x00002020      0x24c c:/program files (x86)/cypress/psoc creator/4.2/psoc creator/import/gnu/arm/5.4.1/bin/../lib/gcc/arm-none-eabi/5.4.1/../../../../arm-none-eabi/lib/armv7-m\libg_nano.a(lib_a-nano-vfprintf_i.o)
                0x00002020                _printf_i
 .text.memchr   0x0000226c       0x1c c:/program files (x86)/cypress/psoc creator/4.2/psoc creator/import/gnu/arm/5.4.1/bin/../lib/gcc/arm-none-eabi/5.4.1/../../../../arm-none-eabi/lib/armv7-m\libg_nano.a(lib_a-memchr-stub.o)
                0x0000226c                memchr
 .text.memmove  0x00002288       0x36 c:/program files (x86)/cypress/psoc creator/4.2/psoc creator/import/gnu/arm/5.4.1/bin/../lib/gcc/arm-none-eabi/5.4.1/../../../../arm-none-eabi/lib/armv7-m\libg_nano.a(lib_a-memmove.o)
                0x00002288                memmove
 *fill*         0x000022be        0x2 
 .text._free_r  0x000022c0       0x98 c:/program files (x86)/cypress/psoc creator/4.2/psoc creator/import/gnu/arm/5.4.1/bin/../lib/gcc/arm-none-eabi/5.4.1/../../../../arm-none-eabi/lib/armv7-m\libg_nano.a(lib_a-nano-freer.o)
                0x000022c0                _free_r
 .text._malloc_r
                0x00002358       0xbc c:/program files (x86)/cypress/psoc creator/4.2/psoc creator/import/gnu/arm/5.4.1/bin/../lib/gcc/arm-none-eabi/5.4.1/../../../../arm-none-eabi/lib/armv7-m\libg_nano.a(lib_a-nano-mallocr.o)
                0x00002358                _malloc_r
 .text._realloc_r
                0x00002414       0x4c c:/program files (x86)/cypress/psoc creator/4.2/psoc creator/import/gnu/arm/5.4.1/bin/../lib/gcc/arm-none-eabi/5.4.1/../../../../arm-none-eabi/lib/armv7-m\libg_nano.a(lib_a-nano-reallocr.o)
                0x00002414                _realloc_r
 .text._sbrk_r  0x00002460       0x20 c:/program files (x86)/cypress/psoc creator/4.2/psoc creator/import/gnu/arm/5.4.1/bin/../lib/gcc/arm-none-eabi/5.4.1/../../../../arm-none-eabi/lib/armv7-m\libg_nano.a(lib_a-sbrkr.o)
                0x00002460                _sbrk_r
 .text.__malloc_lock
                0x00002480        0x2 c:/program files (x86)/cypress/psoc creator/4.2/psoc creator/import/gnu/arm/5.4.1/bin/../lib/gcc/arm-none-eabi/5.4.1/../../../../arm-none-eabi/lib/armv7-m\libg_nano.a(lib_a-mlock.o)
                0x00002480                __malloc_lock
 .text.__malloc_unlock
                0x00002482        0x2 c:/program files (x86)/cypress/psoc creator/4.2/psoc creator/import/gnu/arm/5.4.1/bin/../lib/gcc/arm-none-eabi/5.4.1/../../../../arm-none-eabi/lib/armv7-m\libg_nano.a(lib_a-mlock.o)
                0x00002482                __malloc_unlock
 .text._malloc_usable_size_r
                0x00002484       0x14 c:/program files (x86)/cypress/psoc creator/4.2/psoc creator/import/gnu/arm/5.4.1/bin/../lib/gcc/arm-none-eabi/5.4.1/../../../../arm-none-eabi/lib/armv7-m\libg_nano.a(lib_a-nano-msizer.o)
                0x00002484                _malloc_usable_size_r
 *(.plt)
 *(.gnu.warning)
 *(.glue_7t)
 .glue_7t       0x00002498        0x0 linker stubs
 *(.glue_7)
 .glue_7        0x00002498        0x0 linker stubs
 *(.vfp11_veneer)
 .vfp11_veneer  0x00002498        0x0 linker stubs
 *(.bootloader)
 *(.ARM.extab* .gnu.linkonce.armextab.*)
 *(.gcc_except_table)

.v4_bx          0x00002498        0x0
 .v4_bx         0x00002498        0x0 linker stubs

.iplt           0x00002498        0x0
 .iplt          0x00002498        0x0 c:/program files (x86)/cypress/psoc creator/4.2/psoc creator/import/gnu/arm/5.4.1/bin/../lib/gcc/arm-none-eabi/5.4.1/armv7-m/crtbegin.o

.eh_frame_hdr
 *(.eh_frame_hdr)

.eh_frame       0x00002498        0x4
 *(.eh_frame)
 .eh_frame      0x00002498        0x0 c:/program files (x86)/cypress/psoc creator/4.2/psoc creator/import/gnu/arm/5.4.1/bin/../lib/gcc/arm-none-eabi/5.4.1/armv7-m/crtbegin.o
 .eh_frame      0x00002498        0x4 c:/program files (x86)/cypress/psoc creator/4.2/psoc creator/import/gnu/arm/5.4.1/bin/../lib/gcc/arm-none-eabi/5.4.1/armv7-m/crtend.o
                [!provide]                PROVIDE (__exidx_start, .)

.ARM.exidx
 *(.ARM.exidx* .gnu.linkonce.armexidx.*)
                0x0000249c                __exidx_end = .

.rodata         0x0000249c      0x4b4
 *(.rodata .rodata.* .gnu.linkonce.r.*)
 .rodata.str1.4
                0x0000249c      0x394 .\CortexM3\ARM_GCC_541\Debug\main.o
                                0x391 (size before relaxing)
 .rodata        0x00002830       0x42 .\CortexM3\ARM_GCC_541\Debug\cyfitter_cfg.o
 *fill*         0x00002872        0x2 
 .rodata        0x00002874       0x68 ..\emFile_V322c\LinkLibrary\PSoC5\GCC\libemf32nosnlfn.a(MMC_Drv.o)
                0x000028bc                FS_MMC_SPI_Driver
 .rodata.str1.1
                0x000028dc        0x4 ..\emFile_V322c\LinkLibrary\PSoC5\GCC\libemf32nosnlfn.a(MMC_Drv.o)
 .rodata.str1.1
                0x000028e0        0x2 c:/program files (x86)/cypress/psoc creator/4.2/psoc creator/import/gnu/arm/5.4.1/bin/../lib/gcc/arm-none-eabi/5.4.1/../../../../arm-none-eabi/lib/armv7-m\libg_nano.a(lib_a-impure.o)
 .rodata.str1.1
                0x000028e2       0x11 c:/program files (x86)/cypress/psoc creator/4.2/psoc creator/import/gnu/arm/5.4.1/bin/../lib/gcc/arm-none-eabi/5.4.1/../../../../arm-none-eabi/lib/armv7-m\libg_nano.a(lib_a-nano-svfprintf.o)
 .rodata.str1.1
                0x000028f3       0x22 c:/program files (x86)/cypress/psoc creator/4.2/psoc creator/import/gnu/arm/5.4.1/bin/../lib/gcc/arm-none-eabi/5.4.1/../../../../arm-none-eabi/lib/armv7-m\libg_nano.a(lib_a-nano-vfprintf_i.o)
                0x00002918                . = ALIGN (0x4)
 *fill*         0x00002915        0x3 
 *(.init)
 .init          0x00002918        0x4 c:/program files (x86)/cypress/psoc creator/4.2/psoc creator/import/gnu/arm/5.4.1/bin/../lib/gcc/arm-none-eabi/5.4.1/armv7-m/crti.o
                0x00002918                _init
 .init          0x0000291c        0x8 c:/program files (x86)/cypress/psoc creator/4.2/psoc creator/import/gnu/arm/5.4.1/bin/../lib/gcc/arm-none-eabi/5.4.1/armv7-m/crtn.o
                0x00002924                . = ALIGN (0x4)
                0x00002924                __preinit_array_start = .
 *(.preinit_array)
                0x00002924                __preinit_array_end = .
                0x00002924                . = ALIGN (0x4)
                0x00002924                __init_array_start = .
 *(SORT(.init_array.*))
 *(.init_array)
 .init_array    0x00002924        0x4 c:/program files (x86)/cypress/psoc creator/4.2/psoc creator/import/gnu/arm/5.4.1/bin/../lib/gcc/arm-none-eabi/5.4.1/armv7-m/crtbegin.o
 .init_array    0x00002928        0x4 .\CortexM3\ARM_GCC_541\Debug\Cm3Start.o
                0x0000292c                __init_array_end = .
                0x0000292c                . = ALIGN (0x4)
 *(.fini)
 .fini          0x0000292c        0x4 c:/program files (x86)/cypress/psoc creator/4.2/psoc creator/import/gnu/arm/5.4.1/bin/../lib/gcc/arm-none-eabi/5.4.1/armv7-m/crti.o
                0x0000292c                _fini
 .fini          0x00002930        0x8 c:/program files (x86)/cypress/psoc creator/4.2/psoc creator/import/gnu/arm/5.4.1/bin/../lib/gcc/arm-none-eabi/5.4.1/armv7-m/crtn.o
                0x00002938                . = ALIGN (0x4)
                0x00002938                __fini_array_start = .
 *(.fini_array)
 .fini_array    0x00002938        0x4 c:/program files (x86)/cypress/psoc creator/4.2/psoc creator/import/gnu/arm/5.4.1/bin/../lib/gcc/arm-none-eabi/5.4.1/armv7-m/crtbegin.o
 *(SORT(.fini_array.*))
                0x0000293c                __fini_array_end = .
                0x0000293c                . = ALIGN (0x4)
 *crtbegin.o(.ctors)
 *(EXCLUDE_FILE(*crtend.o) .ctors)
 *(SORT(.ctors.*))
 *crtend.o(.ctors)
                0x0000293c                . = ALIGN (0x4)
 *crtbegin.o(.dtors)
 *(EXCLUDE_FILE(*crtend.o) .dtors)
 *(SORT(.dtors.*))
 *crtend.o(.dtors)
                0x0000293c                . = ALIGN (0x4)
                0x0000293c                __cy_regions = .
                0x0000293c        0x4 LONG 0x2950 __cy_region_init_ram
                0x00002940        0x4 LONG 0x1fff80c8 __cy_region_start_data
                0x00002944        0x4 LONG 0x80 __cy_region_init_size_ram
                0x00002948        0x4 LONG 0x1170 __cy_region_zero_size_ram
                0x0000294c                __cy_regions_end = .
                0x00002950                . = ALIGN (0x8)
 *fill*         0x0000294c        0x4 
                0x00002950                _etext = .

.cy_checksum_exclude
                0x00002950        0x0
 *(.cy_checksum_exclude)

.ramvectors     0x1fff8000       0xc0
                0x1fff8000                __cy_region_start_ram = .
 *(.ramvectors)
 .ramvectors    0x1fff8000       0xc0 .\CortexM3\ARM_GCC_541\Debug\Cm3Start.o
                0x1fff8000                CyRamVectors

.noinit         0x1fff80c0        0x1
 *(.noinit)
 .noinit        0x1fff80c0        0x1 .\CortexM3\ARM_GCC_541\Debug\Design01.a(CyLib.o)
                0x1fff80c0                CyResetStatus

.data           0x1fff80c8       0x80 load address 0x00002950
                0x1fff80c8                __cy_region_start_data = .
 *(.jcr)
 .jcr           0x1fff80c8        0x0 c:/program files (x86)/cypress/psoc creator/4.2/psoc creator/import/gnu/arm/5.4.1/bin/../lib/gcc/arm-none-eabi/5.4.1/armv7-m/crtbegin.o
 .jcr           0x1fff80c8        0x4 c:/program files (x86)/cypress/psoc creator/4.2/psoc creator/import/gnu/arm/5.4.1/bin/../lib/gcc/arm-none-eabi/5.4.1/armv7-m/crtend.o
 *(.got.plt)
 *(.got)
 *(.shdata)
 *(.data .data.* .gnu.linkonce.d.*)
 .data          0x1fff80cc        0x4 .\CortexM3\ARM_GCC_541\Debug\Cm3Start.o
 .data          0x1fff80d0       0x10 .\CortexM3\ARM_GCC_541\Debug\Design01.a(CyLib.o)
                0x1fff80d0                cydelay_32k_ms
                0x1fff80d4                cydelay_freq_khz
                0x1fff80d8                cydelay_freq_mhz
                0x1fff80dc                cydelay_freq_hz
 .data          0x1fff80e0        0x4 ..\emFile_V322c\LinkLibrary\PSoC5\GCC\libemf32nosnlfn.a(MMC_Drv.o)
 .data.impure_data
                0x1fff80e4       0x60 c:/program files (x86)/cypress/psoc creator/4.2/psoc creator/import/gnu/arm/5.4.1/bin/../lib/gcc/arm-none-eabi/5.4.1/../../../../arm-none-eabi/lib/armv7-m\libg_nano.a(lib_a-impure.o)
 .data._impure_ptr
                0x1fff8144        0x4 c:/program files (x86)/cypress/psoc creator/4.2/psoc creator/import/gnu/arm/5.4.1/bin/../lib/gcc/arm-none-eabi/5.4.1/../../../../arm-none-eabi/lib/armv7-m\libg_nano.a(lib_a-impure.o)
                0x1fff8144                _impure_ptr
                0x1fff8148                . = ALIGN (0x8)
 *(.ram)
                0x1fff8148                _edata = .

.igot.plt       0x1fff8148        0x0 load address 0x000029d0
 .igot.plt      0x1fff8148        0x0 c:/program files (x86)/cypress/psoc creator/4.2/psoc creator/import/gnu/arm/5.4.1/bin/../lib/gcc/arm-none-eabi/5.4.1/armv7-m/crtbegin.o

.bss            0x1fff8148     0x1170 load address 0x000029d0
                0x1fff8148                PROVIDE (__bss_start__, .)
 *(.shbss)
 *(.bss .bss.* .gnu.linkonce.b.*)
 .bss           0x1fff8148       0x1c c:/program files (x86)/cypress/psoc creator/4.2/psoc creator/import/gnu/arm/5.4.1/bin/../lib/gcc/arm-none-eabi/5.4.1/armv7-m/crtbegin.o
 .bss           0x1fff8164        0xc .\CortexM3\ARM_GCC_541\Debug\main.o
                0x1fff8164                x
                0x1fff8168                columna
                0x1fff816c                fila
 .bss           0x1fff8170        0x2 .\CortexM3\ARM_GCC_541\Debug\Design01.a(UART.o)
                0x1fff8170                UART_initVar
 .bss           0x1fff8172        0x2 .\CortexM3\ARM_GCC_541\Debug\Design01.a(LCD.o)
                0x1fff8172                LCD_enableState
                0x1fff8173                LCD_initVar
 .bss           0x1fff8174        0x1 .\CortexM3\ARM_GCC_541\Debug\Design01.a(ADC.o)
                0x1fff8174                ADC_initVar
 *fill*         0x1fff8175        0x3 
 .bss           0x1fff8178        0xc ..\emFile_V322c\LinkLibrary\PSoC5\GCC\libemf32nosnlfn.a(FS_Core.o)
 .bss           0x1fff8184     0x1000 .\CortexM3\ARM_GCC_541\Debug\Design01.a(emFile_ConfigMMC_SPI.o)
 .bss           0x1fff9184       0x14 ..\emFile_V322c\LinkLibrary\PSoC5\GCC\libemf32nosnlfn.a(MMC_Drv.o)
 .bss           0x1fff9198        0x1 .\CortexM3\ARM_GCC_541\Debug\Design01.a(emFile_MMC_HW_SPI.o)
 .bss           0x1fff9199        0x1 .\CortexM3\ARM_GCC_541\Debug\Design01.a(emFile_SPI0.o)
                0x1fff9199                emFile_SPI0_initVar
 *fill*         0x1fff919a        0x2 
 .bss.__malloc_sbrk_start
                0x1fff919c        0x4 c:/program files (x86)/cypress/psoc creator/4.2/psoc creator/import/gnu/arm/5.4.1/bin/../lib/gcc/arm-none-eabi/5.4.1/../../../../arm-none-eabi/lib/armv7-m\libg_nano.a(lib_a-nano-mallocr.o)
                0x1fff919c                __malloc_sbrk_start
 .bss.__malloc_free_list
                0x1fff91a0        0x4 c:/program files (x86)/cypress/psoc creator/4.2/psoc creator/import/gnu/arm/5.4.1/bin/../lib/gcc/arm-none-eabi/5.4.1/../../../../arm-none-eabi/lib/armv7-m\libg_nano.a(lib_a-nano-mallocr.o)
                0x1fff91a0                __malloc_free_list
 *(COMMON)
 COMMON         0x1fff91a4       0x75 .\CortexM3\ARM_GCC_541\Debug\main.o
                0x1fff91a4                dato_proceso
                0x1fff91a6                tiempo
                0x1fff91a8                acBuffer
                0x1fff920c                temperatura
                0x1fff9214                pFile
                0x1fff9218                dato_bluetooht
 *fill*         0x1fff9219        0x3 
 COMMON         0x1fff921c        0xa .\CortexM3\ARM_GCC_541\Debug\Design01.a(ADC.o)
                0x1fff921c                ADC_countsPer10Volt
                0x1fff9220                ADC_shift
                0x1fff9222                ADC_countsPerVolt
                0x1fff9224                ADC_offset
 *fill*         0x1fff9226        0x2 
 COMMON         0x1fff9228       0x88 ..\emFile_V322c\LinkLibrary\PSoC5\GCC\libemf32nosnlfn.a(FS_Core.o)
                0x1fff9228                FS_Global
                0x1fff92ac                FS_NumBytesAllocated
 COMMON         0x1fff92b0        0x4 c:/program files (x86)/cypress/psoc creator/4.2/psoc creator/import/gnu/arm/5.4.1/bin/../lib/gcc/arm-none-eabi/5.4.1/../../../../arm-none-eabi/lib/armv7-m\libg_nano.a(lib_a-reent.o)
                0x1fff92b0                errno
                0x1fff92b8                . = ALIGN (0x8)
 *fill*         0x1fff92b4        0x4 
 *(.ram.b)
                0x1fff92b8                _end = .
                0x1fff92b8                __end = .
                0x1fff92b8                PROVIDE (end, .)
                0x1fff92b8                PROVIDE (__bss_end__, .)
                0x00002950                __cy_region_init_ram = LOADADDR (.data)
                0x00000080                __cy_region_init_size_ram = (_edata - ADDR (.data))
                0x00001170                __cy_region_zero_size_ram = (_end - _edata)

.heap           0x1fff92b8       0x80 load address 0x000029d0
                0x1fff92b8                . = _end
                0x1fff9338                . = (. + 0x80)
 *fill*         0x1fff92b8       0x80 
                0x1fff9338                __cy_heap_limit = .

.stack          0x20007800      0x800
                0x20007800                __cy_stack_limit = .
                0x20008000                . = (. + 0x800)
 *fill*         0x20007800      0x800 
                0x00000001                ASSERT ((__cy_stack_limit >= __cy_heap_limit), region RAM overflowed with stack)
                0x00000000                cy_checksum_exclude_size = (CY_APPL_LOADABLE == 0x1)?SIZEOF (.cy_checksum_exclude):0x0
                0x00000001                ASSERT ((cy_checksum_exclude_size <= CY_CHECKSUM_EXCLUDE_SIZE), CY_BOOT: Section .cy_checksum_exclude size exceedes specified limit.)

.cyloadermeta
 *(.cyloadermeta)

.cyloadablemeta
 *(.cyloadablemeta)

.cyconfigecc    0x80000000      0x6c8
 *(.cyconfigecc)
 .cyconfigecc   0x80000000      0x6c8 .\CortexM3\ARM_GCC_541\Debug\cymetadata.o
                0x80000000                cy_meta_configecc

.cycustnvl      0x90000000        0x4
 *(.cycustnvl)
 .cycustnvl     0x90000000        0x4 .\CortexM3\ARM_GCC_541\Debug\cymetadata.o
                0x90000000                cy_meta_custnvl

.cywolatch      0x90100000        0x4
 *(.cywolatch)
 .cywolatch     0x90100000        0x4 .\CortexM3\ARM_GCC_541\Debug\cymetadata.o
                0x90100000                cy_meta_wonvl

.cyeeprom       0x90200000        0x0
 *(.cyeeprom)
                0x00000001                ASSERT ((. <= ((0x90200000 + ee_offset) + ee_size)), .cyeeprom data will not fit in EEPROM)

.cyflashprotect
                0x90400000      0x100
 *(.cyflashprotect)
 .cyflashprotect
                0x90400000      0x100 .\CortexM3\ARM_GCC_541\Debug\cymetadata.o
                0x90400000                cy_meta_flashprotect

.cymeta         0x90500000        0xc
 *(.cymeta)
 .cymeta        0x90500000        0xc .\CortexM3\ARM_GCC_541\Debug\cymetadata.o
                0x90500000                cy_metadata

.rel.dyn        0x000029d0        0x0 load address 0x9050000c
 .rel.iplt      0x000029d0        0x0 c:/program files (x86)/cypress/psoc creator/4.2/psoc creator/import/gnu/arm/5.4.1/bin/../lib/gcc/arm-none-eabi/5.4.1/armv7-m/crtbegin.o

.stab
 *(.stab)

.stabstr
 *(.stabstr)

.debug
 *(.debug)

.line
 *(.line)

.debug_srcinfo
 *(.debug_srcinfo)

.debug_sfnames
 *(.debug_sfnames)

.debug_aranges  0x00000000      0xb20
 *(.debug_aranges)
 .debug_aranges
                0x00000000       0x38 .\CortexM3\ARM_GCC_541\Debug\main.o
 .debug_aranges
                0x00000038       0x58 .\CortexM3\ARM_GCC_541\Debug\cyfitter_cfg.o
 .debug_aranges
                0x00000090       0x18 .\CortexM3\ARM_GCC_541\Debug\cymetadata.o
 .debug_aranges
                0x000000a8       0x48 .\CortexM3\ARM_GCC_541\Debug\Cm3Start.o
 .debug_aranges
                0x000000f0       0xf0 .\CortexM3\ARM_GCC_541\Debug\Design01.a(UART.o)
 .debug_aranges
                0x000001e0       0x98 .\CortexM3\ARM_GCC_541\Debug\Design01.a(LCD.o)
 .debug_aranges
                0x00000278       0x70 .\CortexM3\ARM_GCC_541\Debug\Design01.a(UART_IntClock.o)
 .debug_aranges
                0x000002e8      0x2a0 .\CortexM3\ARM_GCC_541\Debug\Design01.a(CyLib.o)
 .debug_aranges
                0x00000588       0x98 .\CortexM3\ARM_GCC_541\Debug\Design01.a(cyPm.o)
 .debug_aranges
                0x00000620       0x80 .\CortexM3\ARM_GCC_541\Debug\Design01.a(isrRX.o)
 .debug_aranges
                0x000006a0       0xa8 .\CortexM3\ARM_GCC_541\Debug\Design01.a(ADC.o)
 .debug_aranges
                0x00000748       0x20 .\CortexM3\ARM_GCC_541\Debug\Design01.a(ADC_INT.o)
 .debug_aranges
                0x00000768       0x80 .\CortexM3\ARM_GCC_541\Debug\Design01.a(ADC_theACLK.o)
 .debug_aranges
                0x000007e8       0x20 .\CortexM3\ARM_GCC_541\Debug\Design01.a(CyBootAsmGnu.o)
 .debug_aranges
                0x00000808       0x88 .\CortexM3\ARM_GCC_541\Debug\Design01.a(CyFlash.o)
 .debug_aranges
                0x00000890       0x80 .\CortexM3\ARM_GCC_541\Debug\Design01.a(CySpc.o)
 .debug_aranges
                0x00000910       0x28 .\CortexM3\ARM_GCC_541\Debug\Design01.a(emFile_ConfigMMC_SPI.o)
 .debug_aranges
                0x00000938       0x68 .\CortexM3\ARM_GCC_541\Debug\Design01.a(emFile_MMC_HW_SPI.o)
 .debug_aranges
                0x000009a0       0xd8 .\CortexM3\ARM_GCC_541\Debug\Design01.a(emFile_SPI0.o)
 .debug_aranges
                0x00000a78       0x70 .\CortexM3\ARM_GCC_541\Debug\Design01.a(emFile_Clock_1.o)
 .debug_aranges
                0x00000ae8       0x38 .\CortexM3\ARM_GCC_541\Debug\Design01.a(emFile_SPI0_CS.o)

.debug_pubnames
 *(.debug_pubnames)

.debug_info     0x00000000     0x6980
 *(.debug_info .gnu.linkonce.wi.*)
 .debug_info    0x00000000      0x918 .\CortexM3\ARM_GCC_541\Debug\main.o
 .debug_info    0x00000918      0x619 .\CortexM3\ARM_GCC_541\Debug\cyfitter_cfg.o
 .debug_info    0x00000f31      0x139 .\CortexM3\ARM_GCC_541\Debug\cymetadata.o
 .debug_info    0x0000106a      0x3bb .\CortexM3\ARM_GCC_541\Debug\Cm3Start.o
 .debug_info    0x00001425      0x60c .\CortexM3\ARM_GCC_541\Debug\Design01.a(UART.o)
 .debug_info    0x00001a31      0x715 .\CortexM3\ARM_GCC_541\Debug\Design01.a(LCD.o)
 .debug_info    0x00002146      0x283 .\CortexM3\ARM_GCC_541\Debug\Design01.a(UART_IntClock.o)
 .debug_info    0x000023c9     0x1374 .\CortexM3\ARM_GCC_541\Debug\Design01.a(CyLib.o)
 .debug_info    0x0000373d      0xa2a .\CortexM3\ARM_GCC_541\Debug\Design01.a(cyPm.o)
 .debug_info    0x00004167      0x2d2 .\CortexM3\ARM_GCC_541\Debug\Design01.a(isrRX.o)
 .debug_info    0x00004439      0x5c0 .\CortexM3\ARM_GCC_541\Debug\Design01.a(ADC.o)
 .debug_info    0x000049f9       0x92 .\CortexM3\ARM_GCC_541\Debug\Design01.a(ADC_INT.o)
 .debug_info    0x00004a8b      0x2c4 .\CortexM3\ARM_GCC_541\Debug\Design01.a(ADC_theACLK.o)
 .debug_info    0x00004d4f       0x9e .\CortexM3\ARM_GCC_541\Debug\Design01.a(CyBootAsmGnu.o)
 .debug_info    0x00004ded      0x64d .\CortexM3\ARM_GCC_541\Debug\Design01.a(CyFlash.o)
 .debug_info    0x0000543a      0x550 .\CortexM3\ARM_GCC_541\Debug\Design01.a(CySpc.o)
 .debug_info    0x0000598a      0x2ba .\CortexM3\ARM_GCC_541\Debug\Design01.a(emFile_ConfigMMC_SPI.o)
 .debug_info    0x00005c44      0x507 .\CortexM3\ARM_GCC_541\Debug\Design01.a(emFile_MMC_HW_SPI.o)
 .debug_info    0x0000614b      0x493 .\CortexM3\ARM_GCC_541\Debug\Design01.a(emFile_SPI0.o)
 .debug_info    0x000065de      0x283 .\CortexM3\ARM_GCC_541\Debug\Design01.a(emFile_Clock_1.o)
 .debug_info    0x00006861      0x11f .\CortexM3\ARM_GCC_541\Debug\Design01.a(emFile_SPI0_CS.o)

.debug_abbrev   0x00000000     0x1bb9
 *(.debug_abbrev)
 .debug_abbrev  0x00000000      0x187 .\CortexM3\ARM_GCC_541\Debug\main.o
 .debug_abbrev  0x00000187      0x20d .\CortexM3\ARM_GCC_541\Debug\cyfitter_cfg.o
 .debug_abbrev  0x00000394       0x77 .\CortexM3\ARM_GCC_541\Debug\cymetadata.o
 .debug_abbrev  0x0000040b      0x1e8 .\CortexM3\ARM_GCC_541\Debug\Cm3Start.o
 .debug_abbrev  0x000005f3      0x175 .\CortexM3\ARM_GCC_541\Debug\Design01.a(UART.o)
 .debug_abbrev  0x00000768      0x157 .\CortexM3\ARM_GCC_541\Debug\Design01.a(LCD.o)
 .debug_abbrev  0x000008bf      0x139 .\CortexM3\ARM_GCC_541\Debug\Design01.a(UART_IntClock.o)
 .debug_abbrev  0x000009f8      0x254 .\CortexM3\ARM_GCC_541\Debug\Design01.a(CyLib.o)
 .debug_abbrev  0x00000c4c      0x1ab .\CortexM3\ARM_GCC_541\Debug\Design01.a(cyPm.o)
 .debug_abbrev  0x00000df7      0x173 .\CortexM3\ARM_GCC_541\Debug\Design01.a(isrRX.o)
 .debug_abbrev  0x00000f6a      0x1ac .\CortexM3\ARM_GCC_541\Debug\Design01.a(ADC.o)
 .debug_abbrev  0x00001116       0x42 .\CortexM3\ARM_GCC_541\Debug\Design01.a(ADC_INT.o)
 .debug_abbrev  0x00001158      0x121 .\CortexM3\ARM_GCC_541\Debug\Design01.a(ADC_theACLK.o)
 .debug_abbrev  0x00001279       0x14 .\CortexM3\ARM_GCC_541\Debug\Design01.a(CyBootAsmGnu.o)
 .debug_abbrev  0x0000128d      0x1a7 .\CortexM3\ARM_GCC_541\Debug\Design01.a(CyFlash.o)
 .debug_abbrev  0x00001434      0x194 .\CortexM3\ARM_GCC_541\Debug\Design01.a(CySpc.o)
 .debug_abbrev  0x000015c8      0x156 .\CortexM3\ARM_GCC_541\Debug\Design01.a(emFile_ConfigMMC_SPI.o)
 .debug_abbrev  0x0000171e      0x18c .\CortexM3\ARM_GCC_541\Debug\Design01.a(emFile_MMC_HW_SPI.o)
 .debug_abbrev  0x000018aa      0x146 .\CortexM3\ARM_GCC_541\Debug\Design01.a(emFile_SPI0.o)
 .debug_abbrev  0x000019f0      0x139 .\CortexM3\ARM_GCC_541\Debug\Design01.a(emFile_Clock_1.o)
 .debug_abbrev  0x00001b29       0x90 .\CortexM3\ARM_GCC_541\Debug\Design01.a(emFile_SPI0_CS.o)

.debug_line     0x00000000     0x2ba7
 *(.debug_line)
 .debug_line    0x00000000      0x2d1 .\CortexM3\ARM_GCC_541\Debug\main.o
 .debug_line    0x000002d1      0x206 .\CortexM3\ARM_GCC_541\Debug\cyfitter_cfg.o
 .debug_line    0x000004d7      0x141 .\CortexM3\ARM_GCC_541\Debug\cymetadata.o
 .debug_line    0x00000618      0x234 .\CortexM3\ARM_GCC_541\Debug\Cm3Start.o
 .debug_line    0x0000084c      0x2bc .\CortexM3\ARM_GCC_541\Debug\Design01.a(UART.o)
 .debug_line    0x00000b08      0x1dc .\CortexM3\ARM_GCC_541\Debug\Design01.a(LCD.o)
 .debug_line    0x00000ce4      0x17c .\CortexM3\ARM_GCC_541\Debug\Design01.a(UART_IntClock.o)
 .debug_line    0x00000e60      0x816 .\CortexM3\ARM_GCC_541\Debug\Design01.a(CyLib.o)
 .debug_line    0x00001676      0x367 .\CortexM3\ARM_GCC_541\Debug\Design01.a(cyPm.o)
 .debug_line    0x000019dd      0x132 .\CortexM3\ARM_GCC_541\Debug\Design01.a(isrRX.o)
 .debug_line    0x00001b0f      0x216 .\CortexM3\ARM_GCC_541\Debug\Design01.a(ADC.o)
 .debug_line    0x00001d25       0x50 .\CortexM3\ARM_GCC_541\Debug\Design01.a(ADC_INT.o)
 .debug_line    0x00001d75      0x19d .\CortexM3\ARM_GCC_541\Debug\Design01.a(ADC_theACLK.o)
 .debug_line    0x00001f12       0x66 .\CortexM3\ARM_GCC_541\Debug\Design01.a(CyBootAsmGnu.o)
 .debug_line    0x00001f78      0x21a .\CortexM3\ARM_GCC_541\Debug\Design01.a(CyFlash.o)
 .debug_line    0x00002192      0x260 .\CortexM3\ARM_GCC_541\Debug\Design01.a(CySpc.o)
 .debug_line    0x000023f2       0xae .\CortexM3\ARM_GCC_541\Debug\Design01.a(emFile_ConfigMMC_SPI.o)
 .debug_line    0x000024a0      0x2ba .\CortexM3\ARM_GCC_541\Debug\Design01.a(emFile_MMC_HW_SPI.o)
 .debug_line    0x0000275a      0x235 .\CortexM3\ARM_GCC_541\Debug\Design01.a(emFile_SPI0.o)
 .debug_line    0x0000298f      0x17d .\CortexM3\ARM_GCC_541\Debug\Design01.a(emFile_Clock_1.o)
 .debug_line    0x00002b0c       0x9b .\CortexM3\ARM_GCC_541\Debug\Design01.a(emFile_SPI0_CS.o)

.debug_frame    0x00000000     0x2064
 *(.debug_frame)
 .debug_frame   0x00000000       0x80 .\CortexM3\ARM_GCC_541\Debug\main.o
 .debug_frame   0x00000080       0xfc .\CortexM3\ARM_GCC_541\Debug\cyfitter_cfg.o
 .debug_frame   0x0000017c       0xb8 .\CortexM3\ARM_GCC_541\Debug\Cm3Start.o
 .debug_frame   0x00000234      0x250 .\CortexM3\ARM_GCC_541\Debug\Design01.a(UART.o)
 .debug_frame   0x00000484      0x1e8 .\CortexM3\ARM_GCC_541\Debug\Design01.a(LCD.o)
 .debug_frame   0x0000066c       0xe0 .\CortexM3\ARM_GCC_541\Debug\Design01.a(UART_IntClock.o)
 .debug_frame   0x0000074c      0x738 .\CortexM3\ARM_GCC_541\Debug\Design01.a(CyLib.o)
 .debug_frame   0x00000e84      0x1f8 .\CortexM3\ARM_GCC_541\Debug\Design01.a(cyPm.o)
 .debug_frame   0x0000107c      0x104 .\CortexM3\ARM_GCC_541\Debug\Design01.a(isrRX.o)
 .debug_frame   0x00001180      0x1b0 .\CortexM3\ARM_GCC_541\Debug\Design01.a(ADC.o)
 .debug_frame   0x00001330       0x20 .\CortexM3\ARM_GCC_541\Debug\Design01.a(ADC_INT.o)
 .debug_frame   0x00001350      0x100 .\CortexM3\ARM_GCC_541\Debug\Design01.a(ADC_theACLK.o)
 .debug_frame   0x00001450      0x194 .\CortexM3\ARM_GCC_541\Debug\Design01.a(CyFlash.o)
 .debug_frame   0x000015e4      0x180 .\CortexM3\ARM_GCC_541\Debug\Design01.a(CySpc.o)
 .debug_frame   0x00001764       0x3c .\CortexM3\ARM_GCC_541\Debug\Design01.a(emFile_ConfigMMC_SPI.o)
 .debug_frame   0x000017a0      0x124 .\CortexM3\ARM_GCC_541\Debug\Design01.a(emFile_MMC_HW_SPI.o)
 .debug_frame   0x000018c4      0x1e8 .\CortexM3\ARM_GCC_541\Debug\Design01.a(emFile_SPI0.o)
 .debug_frame   0x00001aac       0xe0 .\CortexM3\ARM_GCC_541\Debug\Design01.a(emFile_Clock_1.o)
 .debug_frame   0x00001b8c       0x50 .\CortexM3\ARM_GCC_541\Debug\Design01.a(emFile_SPI0_CS.o)
 .debug_frame   0x00001bdc       0x44 c:/program files (x86)/cypress/psoc creator/4.2/psoc creator/import/gnu/arm/5.4.1/bin/../lib/gcc/arm-none-eabi/5.4.1/armv7-m\libgcc.a(_aeabi_ldivmod.o)
 .debug_frame   0x00001c20       0x38 c:/program files (x86)/cypress/psoc creator/4.2/psoc creator/import/gnu/arm/5.4.1/bin/../lib/gcc/arm-none-eabi/5.4.1/armv7-m\libgcc.a(_udivmoddi4.o)
 .debug_frame   0x00001c58       0x20 c:/program files (x86)/cypress/psoc creator/4.2/psoc creator/import/gnu/arm/5.4.1/bin/../lib/gcc/arm-none-eabi/5.4.1/../../../../arm-none-eabi/lib/armv7-m\libg_nano.a(lib_a-errno.o)
 .debug_frame   0x00001c78       0x28 c:/program files (x86)/cypress/psoc creator/4.2/psoc creator/import/gnu/arm/5.4.1/bin/../lib/gcc/arm-none-eabi/5.4.1/../../../../arm-none-eabi/lib/armv7-m\libg_nano.a(lib_a-exit.o)
 .debug_frame   0x00001ca0       0x2c c:/program files (x86)/cypress/psoc creator/4.2/psoc creator/import/gnu/arm/5.4.1/bin/../lib/gcc/arm-none-eabi/5.4.1/../../../../arm-none-eabi/lib/armv7-m\libg_nano.a(lib_a-init.o)
 .debug_frame   0x00001ccc       0x28 c:/program files (x86)/cypress/psoc creator/4.2/psoc creator/import/gnu/arm/5.4.1/bin/../lib/gcc/arm-none-eabi/5.4.1/../../../../arm-none-eabi/lib/armv7-m\libg_nano.a(lib_a-memcmp.o)
 .debug_frame   0x00001cf4       0x28 c:/program files (x86)/cypress/psoc creator/4.2/psoc creator/import/gnu/arm/5.4.1/bin/../lib/gcc/arm-none-eabi/5.4.1/../../../../arm-none-eabi/lib/armv7-m\libg_nano.a(lib_a-memcpy-stub.o)
 .debug_frame   0x00001d1c       0x20 c:/program files (x86)/cypress/psoc creator/4.2/psoc creator/import/gnu/arm/5.4.1/bin/../lib/gcc/arm-none-eabi/5.4.1/../../../../arm-none-eabi/lib/armv7-m\libg_nano.a(lib_a-memset.o)
 .debug_frame   0x00001d3c       0x70 c:/program files (x86)/cypress/psoc creator/4.2/psoc creator/import/gnu/arm/5.4.1/bin/../lib/gcc/arm-none-eabi/5.4.1/../../../../arm-none-eabi/lib/armv7-m\libg_nano.a(lib_a-sprintf.o)
 .debug_frame   0x00001dac       0x90 c:/program files (x86)/cypress/psoc creator/4.2/psoc creator/import/gnu/arm/5.4.1/bin/../lib/gcc/arm-none-eabi/5.4.1/../../../../arm-none-eabi/lib/armv7-m\libg_nano.a(lib_a-nano-svfprintf.o)
 .debug_frame   0x00001e3c       0x60 c:/program files (x86)/cypress/psoc creator/4.2/psoc creator/import/gnu/arm/5.4.1/bin/../lib/gcc/arm-none-eabi/5.4.1/../../../../arm-none-eabi/lib/armv7-m\libg_nano.a(lib_a-nano-vfprintf_i.o)
 .debug_frame   0x00001e9c       0x28 c:/program files (x86)/cypress/psoc creator/4.2/psoc creator/import/gnu/arm/5.4.1/bin/../lib/gcc/arm-none-eabi/5.4.1/../../../../arm-none-eabi/lib/armv7-m\libg_nano.a(lib_a-memchr-stub.o)
 .debug_frame   0x00001ec4       0x28 c:/program files (x86)/cypress/psoc creator/4.2/psoc creator/import/gnu/arm/5.4.1/bin/../lib/gcc/arm-none-eabi/5.4.1/../../../../arm-none-eabi/lib/armv7-m\libg_nano.a(lib_a-memmove.o)
 .debug_frame   0x00001eec       0x38 c:/program files (x86)/cypress/psoc creator/4.2/psoc creator/import/gnu/arm/5.4.1/bin/../lib/gcc/arm-none-eabi/5.4.1/../../../../arm-none-eabi/lib/armv7-m\libg_nano.a(lib_a-nano-freer.o)
 .debug_frame   0x00001f24       0x2c c:/program files (x86)/cypress/psoc creator/4.2/psoc creator/import/gnu/arm/5.4.1/bin/../lib/gcc/arm-none-eabi/5.4.1/../../../../arm-none-eabi/lib/armv7-m\libg_nano.a(lib_a-nano-mallocr.o)
 .debug_frame   0x00001f50       0x3c c:/program files (x86)/cypress/psoc creator/4.2/psoc creator/import/gnu/arm/5.4.1/bin/../lib/gcc/arm-none-eabi/5.4.1/../../../../arm-none-eabi/lib/armv7-m\libg_nano.a(lib_a-nano-reallocr.o)
 .debug_frame   0x00001f8c       0x2c c:/program files (x86)/cypress/psoc creator/4.2/psoc creator/import/gnu/arm/5.4.1/bin/../lib/gcc/arm-none-eabi/5.4.1/../../../../arm-none-eabi/lib/armv7-m\libg_nano.a(lib_a-sbrkr.o)
 .debug_frame   0x00001fb8       0x30 c:/program files (x86)/cypress/psoc creator/4.2/psoc creator/import/gnu/arm/5.4.1/bin/../lib/gcc/arm-none-eabi/5.4.1/../../../../arm-none-eabi/lib/armv7-m\libg_nano.a(lib_a-mlock.o)
 .debug_frame   0x00001fe8       0x20 c:/program files (x86)/cypress/psoc creator/4.2/psoc creator/import/gnu/arm/5.4.1/bin/../lib/gcc/arm-none-eabi/5.4.1/../../../../arm-none-eabi/lib/armv7-m\libg_nano.a(lib_a-nano-msizer.o)
 .debug_frame   0x00002008       0x5c c:/program files (x86)/cypress/psoc creator/4.2/psoc creator/import/gnu/arm/5.4.1/bin/../lib/gcc/arm-none-eabi/5.4.1/../../../../arm-none-eabi/lib/armv7-m\libg_nano.a(lib_a-reent.o)

.debug_str      0x00000000     0x2498
 *(.debug_str)
 .debug_str     0x00000000      0x2e5 .\CortexM3\ARM_GCC_541\Debug\main.o
                                0x338 (size before relaxing)
 .debug_str     0x000002e5      0x1bf .\CortexM3\ARM_GCC_541\Debug\cyfitter_cfg.o
                                0x35c (size before relaxing)
 .debug_str     0x000004a4       0x7f .\CortexM3\ARM_GCC_541\Debug\cymetadata.o
                                0x1f2 (size before relaxing)
 .debug_str     0x00000523      0x144 .\CortexM3\ARM_GCC_541\Debug\Cm3Start.o
                                0x318 (size before relaxing)
 .debug_str     0x00000667      0x2ad .\CortexM3\ARM_GCC_541\Debug\Design01.a(UART.o)
                                0x483 (size before relaxing)
 .debug_str     0x00000914      0x131 .\CortexM3\ARM_GCC_541\Debug\Design01.a(LCD.o)
                                0x339 (size before relaxing)
 .debug_str     0x00000a45      0x189 .\CortexM3\ARM_GCC_541\Debug\Design01.a(UART_IntClock.o)
                                0x344 (size before relaxing)
 .debug_str     0x00000bce      0x800 .\CortexM3\ARM_GCC_541\Debug\Design01.a(CyLib.o)
                                0xa55 (size before relaxing)
 .debug_str     0x000013ce      0x365 .\CortexM3\ARM_GCC_541\Debug\Design01.a(cyPm.o)
                                0x741 (size before relaxing)
 .debug_str     0x00001733       0xd8 .\CortexM3\ARM_GCC_541\Debug\Design01.a(isrRX.o)
                                0x2b4 (size before relaxing)
 .debug_str     0x0000180b      0x194 .\CortexM3\ARM_GCC_541\Debug\Design01.a(ADC.o)
                                0x435 (size before relaxing)
 .debug_str     0x0000199f       0x29 .\CortexM3\ARM_GCC_541\Debug\Design01.a(ADC_INT.o)
                                0x19d (size before relaxing)
 .debug_str     0x000019c8      0x16e .\CortexM3\ARM_GCC_541\Debug\Design01.a(ADC_theACLK.o)
                                0x36f (size before relaxing)
 .debug_str     0x00001b36      0x1bb .\CortexM3\ARM_GCC_541\Debug\Design01.a(CyFlash.o)
                                0x3ce (size before relaxing)
 .debug_str     0x00001cf1       0xac .\CortexM3\ARM_GCC_541\Debug\Design01.a(CySpc.o)
                                0x346 (size before relaxing)
 .debug_str     0x00001d9d       0xfc .\CortexM3\ARM_GCC_541\Debug\Design01.a(emFile_ConfigMMC_SPI.o)
                                0x279 (size before relaxing)
 .debug_str     0x00001e99      0x20d .\CortexM3\ARM_GCC_541\Debug\Design01.a(emFile_MMC_HW_SPI.o)
                                0x3c5 (size before relaxing)
 .debug_str     0x000020a6      0x254 .\CortexM3\ARM_GCC_541\Debug\Design01.a(emFile_SPI0.o)
                                0x4b7 (size before relaxing)
 .debug_str     0x000022fa      0x120 .\CortexM3\ARM_GCC_541\Debug\Design01.a(emFile_Clock_1.o)
                                0x350 (size before relaxing)
 .debug_str     0x0000241a       0x7e .\CortexM3\ARM_GCC_541\Debug\Design01.a(emFile_SPI0_CS.o)
                                0x21d (size before relaxing)

.debug_loc      0x00000000     0x2c26
 *(.debug_loc)
 .debug_loc     0x00000000       0x3d .\CortexM3\ARM_GCC_541\Debug\main.o
 .debug_loc     0x0000003d      0x280 .\CortexM3\ARM_GCC_541\Debug\cyfitter_cfg.o
 .debug_loc     0x000002bd      0x144 .\CortexM3\ARM_GCC_541\Debug\Cm3Start.o
 .debug_loc     0x00000401      0x258 .\CortexM3\ARM_GCC_541\Debug\Design01.a(UART.o)
 .debug_loc     0x00000659      0x3c6 .\CortexM3\ARM_GCC_541\Debug\Design01.a(LCD.o)
 .debug_loc     0x00000a1f      0x128 .\CortexM3\ARM_GCC_541\Debug\Design01.a(UART_IntClock.o)
 .debug_loc     0x00000b47      0xa11 .\CortexM3\ARM_GCC_541\Debug\Design01.a(CyLib.o)
 .debug_loc     0x00001558      0x1e4 .\CortexM3\ARM_GCC_541\Debug\Design01.a(cyPm.o)
 .debug_loc     0x0000173c       0x56 .\CortexM3\ARM_GCC_541\Debug\Design01.a(isrRX.o)
 .debug_loc     0x00001792      0x295 .\CortexM3\ARM_GCC_541\Debug\Design01.a(ADC.o)
 .debug_loc     0x00001a27      0x14d .\CortexM3\ARM_GCC_541\Debug\Design01.a(ADC_theACLK.o)
 .debug_loc     0x00001b74      0x3b2 .\CortexM3\ARM_GCC_541\Debug\Design01.a(CyFlash.o)
 .debug_loc     0x00001f26      0x705 .\CortexM3\ARM_GCC_541\Debug\Design01.a(CySpc.o)
 .debug_loc     0x0000262b      0x38f .\CortexM3\ARM_GCC_541\Debug\Design01.a(emFile_MMC_HW_SPI.o)
 .debug_loc     0x000029ba       0xfe .\CortexM3\ARM_GCC_541\Debug\Design01.a(emFile_SPI0.o)
 .debug_loc     0x00002ab8      0x12c .\CortexM3\ARM_GCC_541\Debug\Design01.a(emFile_Clock_1.o)
 .debug_loc     0x00002be4       0x42 .\CortexM3\ARM_GCC_541\Debug\Design01.a(emFile_SPI0_CS.o)

.debug_macinfo
 *(.debug_macinfo)

.debug_ranges   0x00000000      0x9b8
 *(.debug_ranges)
 .debug_ranges  0x00000000       0x28 .\CortexM3\ARM_GCC_541\Debug\main.o
 .debug_ranges  0x00000028       0x48 .\CortexM3\ARM_GCC_541\Debug\cyfitter_cfg.o
 .debug_ranges  0x00000070       0x38 .\CortexM3\ARM_GCC_541\Debug\Cm3Start.o
 .debug_ranges  0x000000a8       0xe0 .\CortexM3\ARM_GCC_541\Debug\Design01.a(UART.o)
 .debug_ranges  0x00000188       0x88 .\CortexM3\ARM_GCC_541\Debug\Design01.a(LCD.o)
 .debug_ranges  0x00000210       0x60 .\CortexM3\ARM_GCC_541\Debug\Design01.a(UART_IntClock.o)
 .debug_ranges  0x00000270      0x290 .\CortexM3\ARM_GCC_541\Debug\Design01.a(CyLib.o)
 .debug_ranges  0x00000500       0x88 .\CortexM3\ARM_GCC_541\Debug\Design01.a(cyPm.o)
 .debug_ranges  0x00000588       0x70 .\CortexM3\ARM_GCC_541\Debug\Design01.a(isrRX.o)
 .debug_ranges  0x000005f8       0x98 .\CortexM3\ARM_GCC_541\Debug\Design01.a(ADC.o)
 .debug_ranges  0x00000690       0x10 .\CortexM3\ARM_GCC_541\Debug\Design01.a(ADC_INT.o)
 .debug_ranges  0x000006a0       0x70 .\CortexM3\ARM_GCC_541\Debug\Design01.a(ADC_theACLK.o)
 .debug_ranges  0x00000710       0x78 .\CortexM3\ARM_GCC_541\Debug\Design01.a(CyFlash.o)
 .debug_ranges  0x00000788       0x70 .\CortexM3\ARM_GCC_541\Debug\Design01.a(CySpc.o)
 .debug_ranges  0x000007f8       0x18 .\CortexM3\ARM_GCC_541\Debug\Design01.a(emFile_ConfigMMC_SPI.o)
 .debug_ranges  0x00000810       0x58 .\CortexM3\ARM_GCC_541\Debug\Design01.a(emFile_MMC_HW_SPI.o)
 .debug_ranges  0x00000868       0xc8 .\CortexM3\ARM_GCC_541\Debug\Design01.a(emFile_SPI0.o)
 .debug_ranges  0x00000930       0x60 .\CortexM3\ARM_GCC_541\Debug\Design01.a(emFile_Clock_1.o)
 .debug_ranges  0x00000990       0x28 .\CortexM3\ARM_GCC_541\Debug\Design01.a(emFile_SPI0_CS.o)

.comment        0x00000000      0x44b
 .comment       0x00000000       0x6e .\CortexM3\ARM_GCC_541\Debug\main.o
                                 0x6f (size before relaxing)
 .comment       0x0000006e       0x6f .\CortexM3\ARM_GCC_541\Debug\cyfitter_cfg.o
 .comment       0x0000006e       0x6f .\CortexM3\ARM_GCC_541\Debug\cymetadata.o
 .comment       0x0000006e       0x6f .\CortexM3\ARM_GCC_541\Debug\Cm3Start.o
 .comment       0x0000006e       0x6f .\CortexM3\ARM_GCC_541\Debug\Design01.a(UART.o)
 .comment       0x0000006e       0x6f .\CortexM3\ARM_GCC_541\Debug\Design01.a(LCD.o)
 .comment       0x0000006e       0x6f .\CortexM3\ARM_GCC_541\Debug\Design01.a(UART_IntClock.o)
 .comment       0x0000006e       0x6f .\CortexM3\ARM_GCC_541\Debug\Design01.a(CyLib.o)
 .comment       0x0000006e       0x6f .\CortexM3\ARM_GCC_541\Debug\Design01.a(cyPm.o)
 .comment       0x0000006e       0x6f .\CortexM3\ARM_GCC_541\Debug\Design01.a(isrRX.o)
 .comment       0x0000006e       0x6f .\CortexM3\ARM_GCC_541\Debug\Design01.a(ADC.o)
 .comment       0x0000006e       0x6f .\CortexM3\ARM_GCC_541\Debug\Design01.a(ADC_INT.o)
 .comment       0x0000006e       0x6f .\CortexM3\ARM_GCC_541\Debug\Design01.a(ADC_theACLK.o)
 .comment       0x0000006e       0x6f .\CortexM3\ARM_GCC_541\Debug\Design01.a(CyFlash.o)
 .comment       0x0000006e       0x6f .\CortexM3\ARM_GCC_541\Debug\Design01.a(CySpc.o)
 .comment       0x0000006e       0x2b ..\emFile_V322c\LinkLibrary\PSoC5\GCC\libemf32nosnlfn.a(FS_FRead.o)
 .comment       0x00000099       0x2b ..\emFile_V322c\LinkLibrary\PSoC5\GCC\libemf32nosnlfn.a(FS_Misc.o)
 .comment       0x000000c4       0x2b ..\emFile_V322c\LinkLibrary\PSoC5\GCC\libemf32nosnlfn.a(FS_Read.o)
 .comment       0x000000ef       0x2b ..\emFile_V322c\LinkLibrary\PSoC5\GCC\libemf32nosnlfn.a(FS_Storage.o)
 .comment       0x0000011a       0x2b ..\emFile_V322c\LinkLibrary\PSoC5\GCC\libemf32nosnlfn.a(FS_Unmount.o)
 .comment       0x00000145       0x2b ..\emFile_V322c\LinkLibrary\PSoC5\GCC\libemf32nosnlfn.a(FS_Volume.o)
 .comment       0x00000170       0x2b ..\emFile_V322c\LinkLibrary\PSoC5\GCC\libemf32nosnlfn.a(FS_Write.o)
 .comment       0x0000019b       0x2b ..\emFile_V322c\LinkLibrary\PSoC5\GCC\libemf32nosnlfn.a(FAT_CheckDisk.o)
 .comment       0x000001c6       0x2b ..\emFile_V322c\LinkLibrary\PSoC5\GCC\libemf32nosnlfn.a(FAT_Dir.o)
 .comment       0x000001f1       0x2b ..\emFile_V322c\LinkLibrary\PSoC5\GCC\libemf32nosnlfn.a(FAT_DiskInfo.o)
 .comment       0x0000021c       0x2b ..\emFile_V322c\LinkLibrary\PSoC5\GCC\libemf32nosnlfn.a(FAT_Misc.o)
 .comment       0x00000247       0x2b ..\emFile_V322c\LinkLibrary\PSoC5\GCC\libemf32nosnlfn.a(FAT_Open.o)
 .comment       0x00000272       0x2b ..\emFile_V322c\LinkLibrary\PSoC5\GCC\libemf32nosnlfn.a(FAT_Read.o)
 .comment       0x0000029d       0x2b ..\emFile_V322c\LinkLibrary\PSoC5\GCC\libemf32nosnlfn.a(FAT_VolumeLabel.o)
 .comment       0x000002c8       0x2b ..\emFile_V322c\LinkLibrary\PSoC5\GCC\libemf32nosnlfn.a(FAT_Write.o)
 .comment       0x000002f3       0x2b ..\emFile_V322c\LinkLibrary\PSoC5\GCC\libemf32nosnlfn.a(FS_CLib.o)
 .comment       0x0000031e       0x2b ..\emFile_V322c\LinkLibrary\PSoC5\GCC\libemf32nosnlfn.a(FS_Core.o)
 .comment       0x00000349       0x2b ..\emFile_V322c\LinkLibrary\PSoC5\GCC\libemf32nosnlfn.a(FS_LogBlock.o)
 .comment       0x00000374       0x2b ..\emFile_V322c\LinkLibrary\PSoC5\GCC\libemf32nosnlfn.a(FS_memcpy.o)
 .comment       0x0000039f       0x2b ..\emFile_V322c\LinkLibrary\PSoC5\GCC\libemf32nosnlfn.a(FS_Partition.o)
 .comment       0x000003ca       0x2b ..\emFile_V322c\LinkLibrary\PSoC5\GCC\libemf32nosnlfn.a(FAT_DirEntry.o)
 .comment       0x000003f5       0x6f .\CortexM3\ARM_GCC_541\Debug\Design01.a(emFile_ConfigMMC_SPI.o)
 .comment       0x000003f5       0x2b ..\emFile_V322c\LinkLibrary\PSoC5\GCC\libemf32nosnlfn.a(MMC_Drv.o)
 .comment       0x00000420       0x2b ..\emFile_V322c\LinkLibrary\PSoC5\GCC\libemf32nosnlfn.a(FS_CRC16.o)
 .comment       0x0000044b       0x6f .\CortexM3\ARM_GCC_541\Debug\Design01.a(emFile_MMC_HW_SPI.o)
 .comment       0x0000044b       0x6f .\CortexM3\ARM_GCC_541\Debug\Design01.a(emFile_SPI0.o)
 .comment       0x0000044b       0x6f .\CortexM3\ARM_GCC_541\Debug\Design01.a(emFile_Clock_1.o)
 .comment       0x0000044b       0x6f .\CortexM3\ARM_GCC_541\Debug\Design01.a(emFile_SPI0_CS.o)

.debug_weaknames
 *(.debug_weaknames)

.debug_funcnames
 *(.debug_funcnames)

.debug_typenames
 *(.debug_typenames)

.debug_varnames
 *(.debug_varnames)

.note.gnu.arm.ident
 *(.note.gnu.arm.ident)

.ARM.attributes
                0x00000000       0x29
 *(.ARM.attributes)
 .ARM.attributes
                0x00000000       0x1d c:/program files (x86)/cypress/psoc creator/4.2/psoc creator/import/gnu/arm/5.4.1/bin/../lib/gcc/arm-none-eabi/5.4.1/armv7-m/crti.o
 .ARM.attributes
                0x0000001d       0x2d c:/program files (x86)/cypress/psoc creator/4.2/psoc creator/import/gnu/arm/5.4.1/bin/../lib/gcc/arm-none-eabi/5.4.1/armv7-m/crtbegin.o
 .ARM.attributes
                0x0000004a       0x1b c:/program files (x86)/cypress/psoc creator/4.2/psoc creator/import/gnu/arm/5.4.1/bin/../lib/gcc/arm-none-eabi/5.4.1/../../../../arm-none-eabi/lib/armv7-m/crt0.o
 .ARM.attributes
                0x00000065       0x33 .\CortexM3\ARM_GCC_541\Debug\main.o
 .ARM.attributes
                0x00000098       0x33 .\CortexM3\ARM_GCC_541\Debug\cyfitter_cfg.o
 .ARM.attributes
                0x000000cb       0x33 .\CortexM3\ARM_GCC_541\Debug\cymetadata.o
 .ARM.attributes
                0x000000fe       0x33 .\CortexM3\ARM_GCC_541\Debug\Cm3Start.o
 .ARM.attributes
                0x00000131       0x33 .\CortexM3\ARM_GCC_541\Debug\Design01.a(UART.o)
 .ARM.attributes
                0x00000164       0x33 .\CortexM3\ARM_GCC_541\Debug\Design01.a(LCD.o)
 .ARM.attributes
                0x00000197       0x33 .\CortexM3\ARM_GCC_541\Debug\Design01.a(UART_IntClock.o)
 .ARM.attributes
                0x000001ca       0x33 .\CortexM3\ARM_GCC_541\Debug\Design01.a(CyLib.o)
 .ARM.attributes
                0x000001fd       0x33 .\CortexM3\ARM_GCC_541\Debug\Design01.a(cyPm.o)
 .ARM.attributes
                0x00000230       0x33 .\CortexM3\ARM_GCC_541\Debug\Design01.a(isrRX.o)
 .ARM.attributes
                0x00000263       0x33 .\CortexM3\ARM_GCC_541\Debug\Design01.a(ADC.o)
 .ARM.attributes
                0x00000296       0x33 .\CortexM3\ARM_GCC_541\Debug\Design01.a(ADC_INT.o)
 .ARM.attributes
                0x000002c9       0x33 .\CortexM3\ARM_GCC_541\Debug\Design01.a(ADC_theACLK.o)
 .ARM.attributes
                0x000002fc       0x21 .\CortexM3\ARM_GCC_541\Debug\Design01.a(CyBootAsmGnu.o)
 .ARM.attributes
                0x0000031d       0x33 .\CortexM3\ARM_GCC_541\Debug\Design01.a(CyFlash.o)
 .ARM.attributes
                0x00000350       0x33 .\CortexM3\ARM_GCC_541\Debug\Design01.a(CySpc.o)
 .ARM.attributes
                0x00000383       0x31 ..\emFile_V322c\LinkLibrary\PSoC5\GCC\libemf32nosnlfn.a(FS_FRead.o)
 .ARM.attributes
                0x000003b4       0x31 ..\emFile_V322c\LinkLibrary\PSoC5\GCC\libemf32nosnlfn.a(FS_Misc.o)
 .ARM.attributes
                0x000003e5       0x31 ..\emFile_V322c\LinkLibrary\PSoC5\GCC\libemf32nosnlfn.a(FS_Read.o)
 .ARM.attributes
                0x00000416       0x31 ..\emFile_V322c\LinkLibrary\PSoC5\GCC\libemf32nosnlfn.a(FS_Storage.o)
 .ARM.attributes
                0x00000447       0x31 ..\emFile_V322c\LinkLibrary\PSoC5\GCC\libemf32nosnlfn.a(FS_Unmount.o)
 .ARM.attributes
                0x00000478       0x31 ..\emFile_V322c\LinkLibrary\PSoC5\GCC\libemf32nosnlfn.a(FS_Volume.o)
 .ARM.attributes
                0x000004a9       0x31 ..\emFile_V322c\LinkLibrary\PSoC5\GCC\libemf32nosnlfn.a(FS_Write.o)
 .ARM.attributes
                0x000004da       0x31 ..\emFile_V322c\LinkLibrary\PSoC5\GCC\libemf32nosnlfn.a(FAT_CheckDisk.o)
 .ARM.attributes
                0x0000050b       0x31 ..\emFile_V322c\LinkLibrary\PSoC5\GCC\libemf32nosnlfn.a(FAT_Dir.o)
 .ARM.attributes
                0x0000053c       0x31 ..\emFile_V322c\LinkLibrary\PSoC5\GCC\libemf32nosnlfn.a(FAT_DiskInfo.o)
 .ARM.attributes
                0x0000056d       0x31 ..\emFile_V322c\LinkLibrary\PSoC5\GCC\libemf32nosnlfn.a(FAT_Misc.o)
 .ARM.attributes
                0x0000059e       0x31 ..\emFile_V322c\LinkLibrary\PSoC5\GCC\libemf32nosnlfn.a(FAT_Open.o)
 .ARM.attributes
                0x000005cf       0x31 ..\emFile_V322c\LinkLibrary\PSoC5\GCC\libemf32nosnlfn.a(FAT_Read.o)
 .ARM.attributes
                0x00000600       0x31 ..\emFile_V322c\LinkLibrary\PSoC5\GCC\libemf32nosnlfn.a(FAT_VolumeLabel.o)
 .ARM.attributes
                0x00000631       0x31 ..\emFile_V322c\LinkLibrary\PSoC5\GCC\libemf32nosnlfn.a(FAT_Write.o)
 .ARM.attributes
                0x00000662       0x31 ..\emFile_V322c\LinkLibrary\PSoC5\GCC\libemf32nosnlfn.a(FS_CLib.o)
 .ARM.attributes
                0x00000693       0x31 ..\emFile_V322c\LinkLibrary\PSoC5\GCC\libemf32nosnlfn.a(FS_Core.o)
 .ARM.attributes
                0x000006c4       0x31 ..\emFile_V322c\LinkLibrary\PSoC5\GCC\libemf32nosnlfn.a(FS_LogBlock.o)
 .ARM.attributes
                0x000006f5       0x31 ..\emFile_V322c\LinkLibrary\PSoC5\GCC\libemf32nosnlfn.a(FS_memcpy.o)
 .ARM.attributes
                0x00000726       0x31 ..\emFile_V322c\LinkLibrary\PSoC5\GCC\libemf32nosnlfn.a(FS_Partition.o)
 .ARM.attributes
                0x00000757       0x31 ..\emFile_V322c\LinkLibrary\PSoC5\GCC\libemf32nosnlfn.a(FAT_DirEntry.o)
 .ARM.attributes
                0x00000788       0x33 .\CortexM3\ARM_GCC_541\Debug\Design01.a(emFile_ConfigMMC_SPI.o)
 .ARM.attributes
                0x000007bb       0x31 ..\emFile_V322c\LinkLibrary\PSoC5\GCC\libemf32nosnlfn.a(MMC_Drv.o)
 .ARM.attributes
                0x000007ec       0x31 ..\emFile_V322c\LinkLibrary\PSoC5\GCC\libemf32nosnlfn.a(FS_CRC16.o)
 .ARM.attributes
                0x0000081d       0x33 .\CortexM3\ARM_GCC_541\Debug\Design01.a(emFile_MMC_HW_SPI.o)
 .ARM.attributes
                0x00000850       0x33 .\CortexM3\ARM_GCC_541\Debug\Design01.a(emFile_SPI0.o)
 .ARM.attributes
                0x00000883       0x33 .\CortexM3\ARM_GCC_541\Debug\Design01.a(emFile_Clock_1.o)
 .ARM.attributes
                0x000008b6       0x33 .\CortexM3\ARM_GCC_541\Debug\Design01.a(emFile_SPI0_CS.o)
 .ARM.attributes
                0x000008e9       0x1d c:/program files (x86)/cypress/psoc creator/4.2/psoc creator/import/gnu/arm/5.4.1/bin/../lib/gcc/arm-none-eabi/5.4.1/armv7-m\libgcc.a(_arm_addsubsf3.o)
 .ARM.attributes
                0x00000906       0x1d c:/program files (x86)/cypress/psoc creator/4.2/psoc creator/import/gnu/arm/5.4.1/bin/../lib/gcc/arm-none-eabi/5.4.1/armv7-m\libgcc.a(_arm_muldivsf3.o)
 .ARM.attributes
                0x00000923       0x1d c:/program files (x86)/cypress/psoc creator/4.2/psoc creator/import/gnu/arm/5.4.1/bin/../lib/gcc/arm-none-eabi/5.4.1/armv7-m\libgcc.a(_aeabi_ldivmod.o)
 .ARM.attributes
                0x00000940       0x2d c:/program files (x86)/cypress/psoc creator/4.2/psoc creator/import/gnu/arm/5.4.1/bin/../lib/gcc/arm-none-eabi/5.4.1/armv7-m\libgcc.a(_udivmoddi4.o)
 .ARM.attributes
                0x0000096d       0x1d c:/program files (x86)/cypress/psoc creator/4.2/psoc creator/import/gnu/arm/5.4.1/bin/../lib/gcc/arm-none-eabi/5.4.1/armv7-m\libgcc.a(_dvmd_tls.o)
 .ARM.attributes
                0x0000098a       0x2d c:/program files (x86)/cypress/psoc creator/4.2/psoc creator/import/gnu/arm/5.4.1/bin/../lib/gcc/arm-none-eabi/5.4.1/../../../../arm-none-eabi/lib/armv7-m\libg_nano.a(lib_a-errno.o)
 .ARM.attributes
                0x000009b7       0x2d c:/program files (x86)/cypress/psoc creator/4.2/psoc creator/import/gnu/arm/5.4.1/bin/../lib/gcc/arm-none-eabi/5.4.1/../../../../arm-none-eabi/lib/armv7-m\libg_nano.a(lib_a-exit.o)
 .ARM.attributes
                0x000009e4       0x2d c:/program files (x86)/cypress/psoc creator/4.2/psoc creator/import/gnu/arm/5.4.1/bin/../lib/gcc/arm-none-eabi/5.4.1/../../../../arm-none-eabi/lib/armv7-m\libg_nano.a(lib_a-impure.o)
 .ARM.attributes
                0x00000a11       0x2d c:/program files (x86)/cypress/psoc creator/4.2/psoc creator/import/gnu/arm/5.4.1/bin/../lib/gcc/arm-none-eabi/5.4.1/../../../../arm-none-eabi/lib/armv7-m\libg_nano.a(lib_a-init.o)
 .ARM.attributes
                0x00000a3e       0x2d c:/program files (x86)/cypress/psoc creator/4.2/psoc creator/import/gnu/arm/5.4.1/bin/../lib/gcc/arm-none-eabi/5.4.1/../../../../arm-none-eabi/lib/armv7-m\libg_nano.a(lib_a-memcmp.o)
 .ARM.attributes
                0x00000a6b       0x2d c:/program files (x86)/cypress/psoc creator/4.2/psoc creator/import/gnu/arm/5.4.1/bin/../lib/gcc/arm-none-eabi/5.4.1/../../../../arm-none-eabi/lib/armv7-m\libg_nano.a(lib_a-memcpy-stub.o)
 .ARM.attributes
                0x00000a98       0x2d c:/program files (x86)/cypress/psoc creator/4.2/psoc creator/import/gnu/arm/5.4.1/bin/../lib/gcc/arm-none-eabi/5.4.1/../../../../arm-none-eabi/lib/armv7-m\libg_nano.a(lib_a-memset.o)
 .ARM.attributes
                0x00000ac5       0x2d c:/program files (x86)/cypress/psoc creator/4.2/psoc creator/import/gnu/arm/5.4.1/bin/../lib/gcc/arm-none-eabi/5.4.1/../../../../arm-none-eabi/lib/armv7-m\libg_nano.a(lib_a-sprintf.o)
 .ARM.attributes
                0x00000af2       0x17 c:/program files (x86)/cypress/psoc creator/4.2/psoc creator/import/gnu/arm/5.4.1/bin/../lib/gcc/arm-none-eabi/5.4.1/../../../../arm-none-eabi/lib/armv7-m\libg_nano.a(lib_a-strlen.o)
 .ARM.attributes
                0x00000b09       0x2d c:/program files (x86)/cypress/psoc creator/4.2/psoc creator/import/gnu/arm/5.4.1/bin/../lib/gcc/arm-none-eabi/5.4.1/../../../../arm-none-eabi/lib/armv7-m\libg_nano.a(lib_a-nano-svfprintf.o)
 .ARM.attributes
                0x00000b36       0x2d c:/program files (x86)/cypress/psoc creator/4.2/psoc creator/import/gnu/arm/5.4.1/bin/../lib/gcc/arm-none-eabi/5.4.1/../../../../arm-none-eabi/lib/armv7-m\libg_nano.a(lib_a-nano-vfprintf_i.o)
 .ARM.attributes
                0x00000b63       0x2d c:/program files (x86)/cypress/psoc creator/4.2/psoc creator/import/gnu/arm/5.4.1/bin/../lib/gcc/arm-none-eabi/5.4.1/../../../../arm-none-eabi/lib/armv7-m\libg_nano.a(lib_a-memchr-stub.o)
 .ARM.attributes
                0x00000b90       0x2d c:/program files (x86)/cypress/psoc creator/4.2/psoc creator/import/gnu/arm/5.4.1/bin/../lib/gcc/arm-none-eabi/5.4.1/../../../../arm-none-eabi/lib/armv7-m\libg_nano.a(lib_a-memmove.o)
 .ARM.attributes
                0x00000bbd       0x2d c:/program files (x86)/cypress/psoc creator/4.2/psoc creator/import/gnu/arm/5.4.1/bin/../lib/gcc/arm-none-eabi/5.4.1/../../../../arm-none-eabi/lib/armv7-m\libg_nano.a(lib_a-nano-freer.o)
 .ARM.attributes
                0x00000bea       0x2d c:/program files (x86)/cypress/psoc creator/4.2/psoc creator/import/gnu/arm/5.4.1/bin/../lib/gcc/arm-none-eabi/5.4.1/../../../../arm-none-eabi/lib/armv7-m\libg_nano.a(lib_a-nano-mallocr.o)
 .ARM.attributes
                0x00000c17       0x2d c:/program files (x86)/cypress/psoc creator/4.2/psoc creator/import/gnu/arm/5.4.1/bin/../lib/gcc/arm-none-eabi/5.4.1/../../../../arm-none-eabi/lib/armv7-m\libg_nano.a(lib_a-nano-reallocr.o)
 .ARM.attributes
                0x00000c44       0x2d c:/program files (x86)/cypress/psoc creator/4.2/psoc creator/import/gnu/arm/5.4.1/bin/../lib/gcc/arm-none-eabi/5.4.1/../../../../arm-none-eabi/lib/armv7-m\libg_nano.a(lib_a-sbrkr.o)
 .ARM.attributes
                0x00000c71       0x2d c:/program files (x86)/cypress/psoc creator/4.2/psoc creator/import/gnu/arm/5.4.1/bin/../lib/gcc/arm-none-eabi/5.4.1/../../../../arm-none-eabi/lib/armv7-m\libg_nano.a(lib_a-mlock.o)
 .ARM.attributes
                0x00000c9e       0x2d c:/program files (x86)/cypress/psoc creator/4.2/psoc creator/import/gnu/arm/5.4.1/bin/../lib/gcc/arm-none-eabi/5.4.1/../../../../arm-none-eabi/lib/armv7-m\libg_nano.a(lib_a-nano-msizer.o)
 .ARM.attributes
                0x00000ccb       0x2d c:/program files (x86)/cypress/psoc creator/4.2/psoc creator/import/gnu/arm/5.4.1/bin/../lib/gcc/arm-none-eabi/5.4.1/../../../../arm-none-eabi/lib/armv7-m\libg_nano.a(lib_a-reent.o)
 .ARM.attributes
                0x00000cf8       0x2d c:/program files (x86)/cypress/psoc creator/4.2/psoc creator/import/gnu/arm/5.4.1/bin/../lib/gcc/arm-none-eabi/5.4.1/armv7-m/crtend.o
 .ARM.attributes
                0x00000d25       0x1d c:/program files (x86)/cypress/psoc creator/4.2/psoc creator/import/gnu/arm/5.4.1/bin/../lib/gcc/arm-none-eabi/5.4.1/armv7-m/crtn.o

/DISCARD/
 *(.note.GNU-stack)
OUTPUT(C:\Users\jefer\OneDrive\Documentos\PSoC Creator\modulo_bluetooht\Design01.cydsn\CortexM3\ARM_GCC_541\Debug\Design01.elf elf32-littlearm)
